STM_MY_LCD16X2.c:16:13:LCD1602_EnablePulse	8	static
STM_MY_LCD16X2.c:25:13:LCD1602_RS	16	static
STM_MY_LCD16X2.c:33:13:LCD1602_write	24	static
STM_MY_LCD16X2.c:75:13:LCD1602_writeCommand	16	static
STM_MY_LCD16X2.c:82:13:LCD1602_writeData	16	static
STM_MY_LCD16X2.c:89:13:LCD1602_write4bitCommand	24	static
STM_MY_LCD16X2.c:104:6:LCD1602_Begin8BIT	24	static
STM_MY_LCD16X2.c:145:6:LCD1602_Begin4BIT	24	static
STM_MY_LCD16X2.c:184:6:LCD1602_print	24	static
STM_MY_LCD16X2.c:193:6:LCD1602_setCursor	24	static
STM_MY_LCD16X2.c:210:6:LCD1602_1stLine	8	static
STM_MY_LCD16X2.c:216:6:LCD1602_2ndLine	8	static
STM_MY_LCD16X2.c:222:6:LCD1602_TwoLines	8	static
STM_MY_LCD16X2.c:229:6:LCD1602_OneLine	8	static
STM_MY_LCD16X2.c:236:6:LCD1602_noCursor	8	static
STM_MY_LCD16X2.c:243:6:LCD1602_cursor	8	static
STM_MY_LCD16X2.c:250:6:LCD1602_clear	8	static
STM_MY_LCD16X2.c:257:6:LCD1602_noBlink	8	static
STM_MY_LCD16X2.c:262:6:LCD1602_blink	8	static
STM_MY_LCD16X2.c:269:6:LCD1602_noDisplay	8	static
STM_MY_LCD16X2.c:274:6:LCD1602_display	8	static
STM_MY_LCD16X2.c:281:6:LCD1602_shiftToRight	24	static
STM_MY_LCD16X2.c:290:6:LCD1602_shiftToLeft	24	static
STM_MY_LCD16X2.c:299:6:LCD1602_PrintInt	32	static
STM_MY_LCD16X2.c:307:6:reverse	32	static
STM_MY_LCD16X2.c:320:5:intToStr	32	static
