Archive member included to satisfy reference by file (symbol)

/Applications/STM32CubeIDE.app/Contents/Eclipse/plugins/com.st.stm32cube.ide.mcu.externaltools.gnu-tools-for-stm32.7-2018-q2-update.macos64_1.0.0.201904181610/tools/bin/../lib/gcc/arm-none-eabi/7.3.1/../../../../arm-none-eabi/lib/thumb/v7e-m/fpv4-sp/hard/libc_nano.a(lib_a-errno.o)
                              Core/Src/syscalls.o (__errno)
/Applications/STM32CubeIDE.app/Contents/Eclipse/plugins/com.st.stm32cube.ide.mcu.externaltools.gnu-tools-for-stm32.7-2018-q2-update.macos64_1.0.0.201904181610/tools/bin/../lib/gcc/arm-none-eabi/7.3.1/../../../../arm-none-eabi/lib/thumb/v7e-m/fpv4-sp/hard/libc_nano.a(lib_a-exit.o)
                              /Applications/STM32CubeIDE.app/Contents/Eclipse/plugins/com.st.stm32cube.ide.mcu.externaltools.gnu-tools-for-stm32.7-2018-q2-update.macos64_1.0.0.201904181610/tools/bin/../lib/gcc/arm-none-eabi/7.3.1/../../../../arm-none-eabi/lib/thumb/v7e-m/fpv4-sp/hard/crt0.o (exit)
/Applications/STM32CubeIDE.app/Contents/Eclipse/plugins/com.st.stm32cube.ide.mcu.externaltools.gnu-tools-for-stm32.7-2018-q2-update.macos64_1.0.0.201904181610/tools/bin/../lib/gcc/arm-none-eabi/7.3.1/../../../../arm-none-eabi/lib/thumb/v7e-m/fpv4-sp/hard/libc_nano.a(lib_a-impure.o)
                              /Applications/STM32CubeIDE.app/Contents/Eclipse/plugins/com.st.stm32cube.ide.mcu.externaltools.gnu-tools-for-stm32.7-2018-q2-update.macos64_1.0.0.201904181610/tools/bin/../lib/gcc/arm-none-eabi/7.3.1/../../../../arm-none-eabi/lib/thumb/v7e-m/fpv4-sp/hard/libc_nano.a(lib_a-exit.o) (_global_impure_ptr)
/Applications/STM32CubeIDE.app/Contents/Eclipse/plugins/com.st.stm32cube.ide.mcu.externaltools.gnu-tools-for-stm32.7-2018-q2-update.macos64_1.0.0.201904181610/tools/bin/../lib/gcc/arm-none-eabi/7.3.1/../../../../arm-none-eabi/lib/thumb/v7e-m/fpv4-sp/hard/libc_nano.a(lib_a-init.o)
                              /Applications/STM32CubeIDE.app/Contents/Eclipse/plugins/com.st.stm32cube.ide.mcu.externaltools.gnu-tools-for-stm32.7-2018-q2-update.macos64_1.0.0.201904181610/tools/bin/../lib/gcc/arm-none-eabi/7.3.1/../../../../arm-none-eabi/lib/thumb/v7e-m/fpv4-sp/hard/crt0.o (__libc_init_array)
/Applications/STM32CubeIDE.app/Contents/Eclipse/plugins/com.st.stm32cube.ide.mcu.externaltools.gnu-tools-for-stm32.7-2018-q2-update.macos64_1.0.0.201904181610/tools/bin/../lib/gcc/arm-none-eabi/7.3.1/../../../../arm-none-eabi/lib/thumb/v7e-m/fpv4-sp/hard/libc_nano.a(lib_a-malloc.o)
                              Core/Src/main.o (malloc)
/Applications/STM32CubeIDE.app/Contents/Eclipse/plugins/com.st.stm32cube.ide.mcu.externaltools.gnu-tools-for-stm32.7-2018-q2-update.macos64_1.0.0.201904181610/tools/bin/../lib/gcc/arm-none-eabi/7.3.1/../../../../arm-none-eabi/lib/thumb/v7e-m/fpv4-sp/hard/libc_nano.a(lib_a-memset.o)
                              /Applications/STM32CubeIDE.app/Contents/Eclipse/plugins/com.st.stm32cube.ide.mcu.externaltools.gnu-tools-for-stm32.7-2018-q2-update.macos64_1.0.0.201904181610/tools/bin/../lib/gcc/arm-none-eabi/7.3.1/../../../../arm-none-eabi/lib/thumb/v7e-m/fpv4-sp/hard/crt0.o (memset)
/Applications/STM32CubeIDE.app/Contents/Eclipse/plugins/com.st.stm32cube.ide.mcu.externaltools.gnu-tools-for-stm32.7-2018-q2-update.macos64_1.0.0.201904181610/tools/bin/../lib/gcc/arm-none-eabi/7.3.1/../../../../arm-none-eabi/lib/thumb/v7e-m/fpv4-sp/hard/libc_nano.a(lib_a-nano-freer.o)
                              /Applications/STM32CubeIDE.app/Contents/Eclipse/plugins/com.st.stm32cube.ide.mcu.externaltools.gnu-tools-for-stm32.7-2018-q2-update.macos64_1.0.0.201904181610/tools/bin/../lib/gcc/arm-none-eabi/7.3.1/../../../../arm-none-eabi/lib/thumb/v7e-m/fpv4-sp/hard/libc_nano.a(lib_a-malloc.o) (_free_r)
/Applications/STM32CubeIDE.app/Contents/Eclipse/plugins/com.st.stm32cube.ide.mcu.externaltools.gnu-tools-for-stm32.7-2018-q2-update.macos64_1.0.0.201904181610/tools/bin/../lib/gcc/arm-none-eabi/7.3.1/../../../../arm-none-eabi/lib/thumb/v7e-m/fpv4-sp/hard/libc_nano.a(lib_a-nano-mallocr.o)
                              /Applications/STM32CubeIDE.app/Contents/Eclipse/plugins/com.st.stm32cube.ide.mcu.externaltools.gnu-tools-for-stm32.7-2018-q2-update.macos64_1.0.0.201904181610/tools/bin/../lib/gcc/arm-none-eabi/7.3.1/../../../../arm-none-eabi/lib/thumb/v7e-m/fpv4-sp/hard/libc_nano.a(lib_a-malloc.o) (_malloc_r)
/Applications/STM32CubeIDE.app/Contents/Eclipse/plugins/com.st.stm32cube.ide.mcu.externaltools.gnu-tools-for-stm32.7-2018-q2-update.macos64_1.0.0.201904181610/tools/bin/../lib/gcc/arm-none-eabi/7.3.1/../../../../arm-none-eabi/lib/thumb/v7e-m/fpv4-sp/hard/libc_nano.a(lib_a-sbrkr.o)
                              /Applications/STM32CubeIDE.app/Contents/Eclipse/plugins/com.st.stm32cube.ide.mcu.externaltools.gnu-tools-for-stm32.7-2018-q2-update.macos64_1.0.0.201904181610/tools/bin/../lib/gcc/arm-none-eabi/7.3.1/../../../../arm-none-eabi/lib/thumb/v7e-m/fpv4-sp/hard/libc_nano.a(lib_a-nano-mallocr.o) (_sbrk_r)
[...]
Memory Configuration

Name             Origin             Length             Attributes
CCMRAM           0x0000000010000000 0x0000000000010000 xrw
RAM              0x0000000020000000 0x0000000000020000 xrw
FLASH            0x0000000008000000 0x0000000000100000 xr
*default*        0x0000000000000000 0xffffffffffffffff

Linker script and memory map

LOAD /Applications/STM32CubeIDE.app/Contents/Eclipse/plugins/com.st.stm32cube.ide.mcu.externaltools.gnu-tools-for-stm32.7-2018-q2-update.macos64_1.0.0.201904181610/tools/bin/../lib/gcc/arm-none-eabi/7.3.1/thumb/v7e-m/fpv4-sp/hard/crti.o
LOAD /Applications/STM32CubeIDE.app/Contents/Eclipse/plugins/com.st.stm32cube.ide.mcu.externaltools.gnu-tools-for-stm32.7-2018-q2-update.macos64_1.0.0.201904181610/tools/bin/../lib/gcc/arm-none-eabi/7.3.1/thumb/v7e-m/fpv4-sp/hard/crtbegin.o
LOAD /Applications/STM32CubeIDE.app/Contents/Eclipse/plugins/com.st.stm32cube.ide.mcu.externaltools.gnu-tools-for-stm32.7-2018-q2-update.macos64_1.0.0.201904181610/tools/bin/../lib/gcc/arm-none-eabi/7.3.1/../../../../arm-none-eabi/lib/thumb/v7e-m/fpv4-sp/hard/crt0.o
LOAD Core/Src/ds18b20.o
LOAD Core/Src/lcd1602.o
LOAD Core/Src/main.o
LOAD Core/Src/rda5807m.o
LOAD Core/Src/stm32f4xx_hal_msp.o
LOAD Core/Src/stm32f4xx_it.o
LOAD Core/Src/syscalls.o
LOAD Core/Src/sysmem.o
LOAD Core/Src/system_stm32f4xx.o
LOAD Core/Startup/startup_stm32f407vgtx.o
LOAD Drivers/STM32F4xx_HAL_Driver/Src/stm32f4xx_hal.o
LOAD Drivers/STM32F4xx_HAL_Driver/Src/stm32f4xx_hal_cortex.o
LOAD Drivers/STM32F4xx_HAL_Driver/Src/stm32f4xx_hal_dma.o
LOAD Drivers/STM32F4xx_HAL_Driver/Src/stm32f4xx_hal_dma_ex.o
LOAD Drivers/STM32F4xx_HAL_Driver/Src/stm32f4xx_hal_exti.o
LOAD Drivers/STM32F4xx_HAL_Driver/Src/stm32f4xx_hal_flash.o
LOAD Drivers/STM32F4xx_HAL_Driver/Src/stm32f4xx_hal_flash_ex.o
LOAD Drivers/STM32F4xx_HAL_Driver/Src/stm32f4xx_hal_flash_ramfunc.o
LOAD Drivers/STM32F4xx_HAL_Driver/Src/stm32f4xx_hal_gpio.o
LOAD Drivers/STM32F4xx_HAL_Driver/Src/stm32f4xx_hal_i2c.o
LOAD Drivers/STM32F4xx_HAL_Driver/Src/stm32f4xx_hal_i2c_ex.o
LOAD Drivers/STM32F4xx_HAL_Driver/Src/stm32f4xx_hal_pwr.o
LOAD Drivers/STM32F4xx_HAL_Driver/Src/stm32f4xx_hal_pwr_ex.o
LOAD Drivers/STM32F4xx_HAL_Driver/Src/stm32f4xx_hal_rcc.o
LOAD Drivers/STM32F4xx_HAL_Driver/Src/stm32f4xx_hal_rcc_ex.o
LOAD Drivers/STM32F4xx_HAL_Driver/Src/stm32f4xx_hal_tim.o
LOAD Drivers/STM32F4xx_HAL_Driver/Src/stm32f4xx_hal_tim_ex.o
START GROUP
LOAD /Applications/STM32CubeIDE.app/Contents/Eclipse/plugins/com.st.stm32cube.ide.mcu.externaltools.gnu-tools-for-stm32.7-2018-q2-update.macos64_1.0.0.201904181610/tools/bin/../lib/gcc/arm-none-eabi/7.3.1/../../../../arm-none-eabi/lib/thumb/v7e-m/fpv4-sp/hard/libc_nano.a
LOAD /Applications/STM32CubeIDE.app/Contents/Eclipse/plugins/com.st.stm32cube.ide.mcu.externaltools.gnu-tools-for-stm32.7-2018-q2-update.macos64_1.0.0.201904181610/tools/bin/../lib/gcc/arm-none-eabi/7.3.1/../../../../arm-none-eabi/lib/thumb/v7e-m/fpv4-sp/hard/libm.a
END GROUP
START GROUP
LOAD /Applications/STM32CubeIDE.app/Contents/Eclipse/plugins/com.st.stm32cube.ide.mcu.externaltools.gnu-tools-for-stm32.7-2018-q2-update.macos64_1.0.0.201904181610/tools/bin/../lib/gcc/arm-none-eabi/7.3.1/thumb/v7e-m/fpv4-sp/hard/libgcc.a
LOAD /Applications/STM32CubeIDE.app/Contents/Eclipse/plugins/com.st.stm32cube.ide.mcu.externaltools.gnu-tools-for-stm32.7-2018-q2-update.macos64_1.0.0.201904181610/tools/bin/../lib/gcc/arm-none-eabi/7.3.1/../../../../arm-none-eabi/lib/thumb/v7e-m/fpv4-sp/hard/libc_nano.a
END GROUP
START GROUP
LOAD /Applications/STM32CubeIDE.app/Contents/Eclipse/plugins/com.st.stm32cube.ide.mcu.externaltools.gnu-tools-for-stm32.7-2018-q2-update.macos64_1.0.0.201904181610/tools/bin/../lib/gcc/arm-none-eabi/7.3.1/thumb/v7e-m/fpv4-sp/hard/libgcc.a
LOAD /Applications/STM32CubeIDE.app/Contents/Eclipse/plugins/com.st.stm32cube.ide.mcu.externaltools.gnu-tools-for-stm32.7-2018-q2-update.macos64_1.0.0.201904181610/tools/bin/../lib/gcc/arm-none-eabi/7.3.1/../../../../arm-none-eabi/lib/thumb/v7e-m/fpv4-sp/hard/libc_nano.a
LOAD /Applications/STM32CubeIDE.app/Contents/Eclipse/plugins/com.st.stm32cube.ide.mcu.externaltools.gnu-tools-for-stm32.7-2018-q2-update.macos64_1.0.0.201904181610/tools/bin/../lib/gcc/arm-none-eabi/7.3.1/../../../../arm-none-eabi/lib/thumb/v7e-m/fpv4-sp/hard/libnosys.a
END GROUP
START GROUP
LOAD /Applications/STM32CubeIDE.app/Contents/Eclipse/plugins/com.st.stm32cube.ide.mcu.externaltools.gnu-tools-for-stm32.7-2018-q2-update.macos64_1.0.0.201904181610/tools/bin/../lib/gcc/arm-none-eabi/7.3.1/thumb/v7e-m/fpv4-sp/hard/libgcc.a
LOAD /Applications/STM32CubeIDE.app/Contents/Eclipse/plugins/com.st.stm32cube.ide.mcu.externaltools.gnu-tools-for-stm32.7-2018-q2-update.macos64_1.0.0.201904181610/tools/bin/../lib/gcc/arm-none-eabi/7.3.1/../../../../arm-none-eabi/lib/thumb/v7e-m/fpv4-sp/hard/libc_nano.a
LOAD /Applications/STM32CubeIDE.app/Contents/Eclipse/plugins/com.st.stm32cube.ide.mcu.externaltools.gnu-tools-for-stm32.7-2018-q2-update.macos64_1.0.0.201904181610/tools/bin/../lib/gcc/arm-none-eabi/7.3.1/../../../../arm-none-eabi/lib/thumb/v7e-m/fpv4-sp/hard/libnosys.a
END GROUP
LOAD /Applications/STM32CubeIDE.app/Contents/Eclipse/plugins/com.st.stm32cube.ide.mcu.externaltools.gnu-tools-for-stm32.7-2018-q2-update.macos64_1.0.0.201904181610/tools/bin/../lib/gcc/arm-none-eabi/7.3.1/thumb/v7e-m/fpv4-sp/hard/crtend.o
LOAD /Applications/STM32CubeIDE.app/Contents/Eclipse/plugins/com.st.stm32cube.ide.mcu.externaltools.gnu-tools-for-stm32.7-2018-q2-update.macos64_1.0.0.201904181610/tools/bin/../lib/gcc/arm-none-eabi/7.3.1/thumb/v7e-m/fpv4-sp/hard/crtn.o
                0x0000000020020000                _estack = (ORIGIN (RAM) + LENGTH (RAM))
                0x0000000000000200                _Min_Heap_Size = 0x200
                0x0000000000000400                _Min_Stack_Size = 0x400

.isr_vector     0x0000000008000000      0x188
                0x0000000008000000                . = ALIGN (0x4)
 *(.isr_vector)
 .isr_vector    0x0000000008000000      0x188 Core/Startup/startup_stm32f407vgtx.o
                0x0000000008000000                g_pfnVectors
                0x0000000008000188                . = ALIGN (0x4)

.text           0x0000000008000190     0x5c5c
                0x0000000008000190                . = ALIGN (0x4)
 *(.text)
 .text          0x0000000008000190       0x40 /Applications/STM32CubeIDE.app/Contents/Eclipse/plugins/com.st.stm32cube.ide.mcu.externaltools.gnu-tools-for-stm32.7-2018-q2-update.macos64_1.0.0.201904181610/tools/bin/../lib/gcc/arm-none-eabi/7.3.1/thumb/v7e-m/fpv4-sp/hard/crtbegin.o
 .text          0x00000000080001d0       0xa0 /Applications/STM32CubeIDE.app/Contents/Eclipse/plugins/com.st.stm32cube.ide.mcu.externaltools.gnu-tools-for-stm32.7-2018-q2-update.macos64_1.0.0.201904181610/tools/bin/../lib/gcc/arm-none-eabi/7.3.1/../../../../arm-none-eabi/lib/thumb/v7e-m/fpv4-sp/hard/libc_nano.a(lib_a-memchr.o)
                0x00000000080001d0                memchr
 .text          0x0000000008000270      0x378 /Applications/STM32CubeIDE.app/Contents/Eclipse/plugins/com.st.stm32cube.ide.mcu.externaltools.gnu-tools-for-stm32.7-2018-q2-update.macos64_1.0.0.201904181610/tools/bin/../lib/gcc/arm-none-eabi/7.3.1/thumb/v7e-m/fpv4-sp/hard/libgcc.a(_arm_addsubdf3.o)
                0x0000000008000270                __aeabi_drsub
                0x0000000008000278                __subdf3
                0x0000000008000278                __aeabi_dsub
                0x000000000800027c                __aeabi_dadd
                0x000000000800027c                __adddf3
                0x00000000080004f4                __aeabi_ui2d
                0x00000000080004f4                __floatunsidf
                0x0000000008000514                __floatsidf
                0x0000000008000514                __aeabi_i2d
                0x0000000008000538                __extendsfdf2
                0x0000000008000538                __aeabi_f2d
                0x000000000800057c                __aeabi_ul2d
                0x000000000800057c                __floatundidf
                0x000000000800058c                __aeabi_l2d
                0x000000000800058c                __floatdidf
 .text          0x00000000080005e8       0x50 /Applications/STM32CubeIDE.app/Contents/Eclipse/plugins/com.st.stm32cube.ide.mcu.externaltools.gnu-tools-for-stm32.7-2018-q2-update.macos64_1.0.0.201904181610/tools/bin/../lib/gcc/arm-none-eabi/7.3.1/thumb/v7e-m/fpv4-sp/hard/libgcc.a(_arm_fixdfsi.o)
                0x00000000080005e8                __fixdfsi
                0x00000000080005e8                __aeabi_d2iz
 .text          0x0000000008000638       0x30 /Applications/STM32CubeIDE.app/Contents/Eclipse/plugins/com.st.stm32cube.ide.mcu.externaltools.gnu-tools-for-stm32.7-2018-q2-update.macos64_1.0.0.201904181610/tools/bin/../lib/gcc/arm-none-eabi/7.3.1/thumb/v7e-m/fpv4-sp/hard/libgcc.a(_aeabi_uldivmod.o)
                0x0000000008000638                __aeabi_uldivmod
 .text          0x0000000008000668      0x2cc /Applications/STM32CubeIDE.app/Contents/Eclipse/plugins/com.st.stm32cube.ide.mcu.externaltools.gnu-tools-for-stm32.7-2018-q2-update.macos64_1.0.0.201904181610/tools/bin/../lib/gcc/arm-none-eabi/7.3.1/thumb/v7e-m/fpv4-sp/hard/libgcc.a(_udivmoddi4.o)
                0x0000000008000668                __udivmoddi4
 .text          0x0000000008000934        0x4 /Applications/STM32CubeIDE.app/Contents/Eclipse/plugins/com.st.stm32cube.ide.mcu.externaltools.gnu-tools-for-stm32.7-2018-q2-update.macos64_1.0.0.201904181610/tools/bin/../lib/gcc/arm-none-eabi/7.3.1/thumb/v7e-m/fpv4-sp/hard/libgcc.a(_dvmd_tls.o)
                0x0000000008000934                __aeabi_ldiv0
                0x0000000008000934                __aeabi_idiv0
 *(.text*)
 .text.Set_Pin_Output
                0x0000000008000938       0x3c Core/Src/ds18b20.o
                0x0000000008000938                Set_Pin_Output
 .text.Set_Pin_Input
                0x0000000008000974       0x3c Core/Src/ds18b20.o
                0x0000000008000974                Set_Pin_Input
 .text.DS18B20_Start
                0x00000000080009b0       0x60 Core/Src/ds18b20.o
                0x00000000080009b0                DS18B20_Start
 .text.DS18B20_Write
                0x0000000008000a10       0x88 Core/Src/ds18b20.o
                0x0000000008000a10                DS18B20_Write
 .text.DS18B20_Read
                0x0000000008000a98       0x7c Core/Src/ds18b20.o
                0x0000000008000a98                DS18B20_Read
 .text.LCD1602_EnablePulse
                0x0000000008000b14       0x40 Core/Src/lcd1602.o
 .text.LCD1602_RS
                0x0000000008000b54       0x44 Core/Src/lcd1602.o
 .text.LCD1602_write
                0x0000000008000b98      0x1cc Core/Src/lcd1602.o
 .text.LCD1602_writeCommand
                0x0000000008000d64       0x20 Core/Src/lcd1602.o
 .text.LCD1602_writeData
                0x0000000008000d84       0x20 Core/Src/lcd1602.o
 .text.LCD1602_write4bitCommand
                0x0000000008000da4       0x90 Core/Src/lcd1602.o
 .text.LCD1602_Begin4BIT
                0x0000000008000e34       0xd4 Core/Src/lcd1602.o
                0x0000000008000e34                LCD1602_Begin4BIT
 .text.LCD1602_print
                0x0000000008000f08       0x3c Core/Src/lcd1602.o
                0x0000000008000f08                LCD1602_print
 .text.LCD1602_setCursor
                0x0000000008000f44       0x4c Core/Src/lcd1602.o
                0x0000000008000f44                LCD1602_setCursor
 .text.LCD1602_noCursor
                0x0000000008000f90       0x24 Core/Src/lcd1602.o
                0x0000000008000f90                LCD1602_noCursor
 .text.LCD1602_clear
                0x0000000008000fb4       0x14 Core/Src/lcd1602.o
                0x0000000008000fb4                LCD1602_clear
 .text.LCD1602_noBlink
                0x0000000008000fc8       0x24 Core/Src/lcd1602.o
                0x0000000008000fc8                LCD1602_noBlink
 .text.delay    0x0000000008000fec       0x30 Core/Src/main.o
                0x0000000008000fec                delay
 .text.HAL_GPIO_EXTI_Callback
                0x000000000800101c       0xa0 Core/Src/main.o
                0x000000000800101c                HAL_GPIO_EXTI_Callback
 .text.HAL_TIM_PeriodElapsedCallback
                0x00000000080010bc      0x1b4 Core/Src/main.o
                0x00000000080010bc                HAL_TIM_PeriodElapsedCallback
 .text.processFrequency
                0x0000000008001270       0x78 Core/Src/main.o
                0x0000000008001270                processFrequency
 .text.processStationName
                0x00000000080012e8       0x40 Core/Src/main.o
                0x00000000080012e8                processStationName
 .text.main     0x0000000008001328      0x10c Core/Src/main.o
                0x0000000008001328                main
 .text.SystemClock_Config
                0x0000000008001434       0xd4 Core/Src/main.o
                0x0000000008001434                SystemClock_Config
 .text.MX_I2C1_Init
                0x0000000008001508       0x5c Core/Src/main.o
 .text.MX_TIM3_Init
                0x0000000008001564       0x9c Core/Src/main.o
 .text.MX_TIM4_Init
                0x0000000008001600       0x9c Core/Src/main.o
 .text.MX_GPIO_Init
                0x000000000800169c      0x164 Core/Src/main.o
 .text.Error_Handler
                0x0000000008001800        0xe Core/Src/main.o
                0x0000000008001800                Error_Handler
 *fill*         0x000000000800180e        0x2 
 .text.__NVIC_SystemReset
                0x0000000008001810       0x28 Core/Src/rda5807m.o
 .text.RDA5807M_revertBytes
                0x0000000008001838       0x42 Core/Src/rda5807m.o
                0x0000000008001838                RDA5807M_revertBytes
 .text.RDA5807M_write
                0x000000000800187a       0x60 Core/Src/rda5807m.o
                0x000000000800187a                RDA5807M_write
 .text.RDA5807M_writeRegister
                0x00000000080018da       0x50 Core/Src/rda5807m.o
                0x00000000080018da                RDA5807M_writeRegister
 .text.RDA5807M_read
                0x000000000800192a       0x52 Core/Src/rda5807m.o
                0x000000000800192a                RDA5807M_read
 .text.RDA5807M_init
                0x000000000800197c       0xf8 Core/Src/rda5807m.o
                0x000000000800197c                RDA5807M_init
 .text.RDA5807M_softReset
                0x0000000008001a74       0x4c Core/Src/rda5807m.o
                0x0000000008001a74                RDA5807M_softReset
 .text.RDA5807M_resetSettings
                0x0000000008001ac0      0x166 Core/Src/rda5807m.o
                0x0000000008001ac0                RDA5807M_resetSettings
 *fill*         0x0000000008001c26        0x2 
 .text.RDA5807M_seek
                0x0000000008001c28       0x7c Core/Src/rda5807m.o
                0x0000000008001c28                RDA5807M_seek
 .text.RDA5807M_get_SeekReadyFlag
                0x0000000008001ca4       0x26 Core/Src/rda5807m.o
                0x0000000008001ca4                RDA5807M_get_SeekReadyFlag
 .text.RDA5807M_setVolume
                0x0000000008001cca       0x9a Core/Src/rda5807m.o
                0x0000000008001cca                RDA5807M_setVolume
 .text.RDA5807M_setFreq
                0x0000000008001d64       0x70 Core/Src/rda5807m.o
                0x0000000008001d64                RDA5807M_setFreq
 .text.RDA5807M_getFreq
                0x0000000008001dd4       0x46 Core/Src/rda5807m.o
                0x0000000008001dd4                RDA5807M_getFreq
 *fill*         0x0000000008001e1a        0x2 
 .text.RDA5807M_readRDS
                0x0000000008001e1c       0xd4 Core/Src/rda5807m.o
                0x0000000008001e1c                RDA5807M_readRDS
 .text.RDA5807M_getStationName
                0x0000000008001ef0       0x14 Core/Src/rda5807m.o
                0x0000000008001ef0                RDA5807M_getStationName
 .text.RDA5807M_resetRDS_settings
                0x0000000008001f04       0xdc Core/Src/rda5807m.o
                0x0000000008001f04                RDA5807M_resetRDS_settings
 .text.RDA5807M_processRDS
                0x0000000008001fe0      0x1b4 Core/Src/rda5807m.o
                0x0000000008001fe0                RDA5807M_processRDS
 .text.HAL_MspInit
                0x0000000008002194       0x50 Core/Src/stm32f4xx_hal_msp.o
                0x0000000008002194                HAL_MspInit
 .text.HAL_I2C_MspInit
                0x00000000080021e4       0x90 Core/Src/stm32f4xx_hal_msp.o
                0x00000000080021e4                HAL_I2C_MspInit
 .text.HAL_TIM_Base_MspInit
                0x0000000008002274       0x7c Core/Src/stm32f4xx_hal_msp.o
                0x0000000008002274                HAL_TIM_Base_MspInit
 .text.NMI_Handler
                0x00000000080022f0        0xe Core/Src/stm32f4xx_it.o
                0x00000000080022f0                NMI_Handler
 .text.HardFault_Handler
                0x00000000080022fe        0x6 Core/Src/stm32f4xx_it.o
                0x00000000080022fe                HardFault_Handler
 .text.MemManage_Handler
                0x0000000008002304        0x6 Core/Src/stm32f4xx_it.o
                0x0000000008002304                MemManage_Handler
 .text.BusFault_Handler
                0x000000000800230a        0x6 Core/Src/stm32f4xx_it.o
                0x000000000800230a                BusFault_Handler
 .text.UsageFault_Handler
                0x0000000008002310        0x6 Core/Src/stm32f4xx_it.o
                0x0000000008002310                UsageFault_Handler
 .text.SVC_Handler
                0x0000000008002316        0xe Core/Src/stm32f4xx_it.o
                0x0000000008002316                SVC_Handler
 .text.DebugMon_Handler
                0x0000000008002324        0xe Core/Src/stm32f4xx_it.o
                0x0000000008002324                DebugMon_Handler
 .text.PendSV_Handler
                0x0000000008002332        0xe Core/Src/stm32f4xx_it.o
                0x0000000008002332                PendSV_Handler
 .text.SysTick_Handler
                0x0000000008002340        0xc Core/Src/stm32f4xx_it.o
                0x0000000008002340                SysTick_Handler
 .text.TIM4_IRQHandler
                0x000000000800234c       0x14 Core/Src/stm32f4xx_it.o
                0x000000000800234c                TIM4_IRQHandler
 .text.EXTI15_10_IRQHandler
                0x0000000008002360       0x28 Core/Src/stm32f4xx_it.o
                0x0000000008002360                EXTI15_10_IRQHandler
 .text._sbrk    0x0000000008002388       0x58 Core/Src/sysmem.o
                0x0000000008002388                _sbrk
 .text.SystemInit
                0x00000000080023e0       0x2c Core/Src/system_stm32f4xx.o
                0x00000000080023e0                SystemInit
 .text.Reset_Handler
                0x000000000800240c       0x50 Core/Startup/startup_stm32f407vgtx.o
                0x000000000800240c                Reset_Handler
 .text.Default_Handler
                0x000000000800245c        0x2 Core/Startup/startup_stm32f407vgtx.o
                0x000000000800245c                DMA1_Stream3_IRQHandler
                0x000000000800245c                HASH_RNG_IRQHandler
                0x000000000800245c                EXTI2_IRQHandler
                0x000000000800245c                TIM8_CC_IRQHandler
                0x000000000800245c                TIM1_CC_IRQHandler
                0x000000000800245c                DMA2_Stream5_IRQHandler
                0x000000000800245c                DMA1_Stream5_IRQHandler
                0x000000000800245c                PVD_IRQHandler
                0x000000000800245c                SDIO_IRQHandler
                0x000000000800245c                TAMP_STAMP_IRQHandler
                0x000000000800245c                CAN2_RX1_IRQHandler
                0x000000000800245c                EXTI3_IRQHandler
                0x000000000800245c                TIM8_TRG_COM_TIM14_IRQHandler
                0x000000000800245c                TIM1_UP_TIM10_IRQHandler
                0x000000000800245c                TIM8_UP_TIM13_IRQHandler
                0x000000000800245c                I2C3_ER_IRQHandler
                0x000000000800245c                EXTI0_IRQHandler
                0x000000000800245c                I2C2_EV_IRQHandler
                0x000000000800245c                DMA1_Stream2_IRQHandler
                0x000000000800245c                CAN1_RX0_IRQHandler
                0x000000000800245c                FPU_IRQHandler
                0x000000000800245c                OTG_HS_WKUP_IRQHandler
                0x000000000800245c                CAN2_SCE_IRQHandler
                0x000000000800245c                DMA2_Stream2_IRQHandler
                0x000000000800245c                SPI1_IRQHandler
                0x000000000800245c                TIM6_DAC_IRQHandler
                0x000000000800245c                TIM1_BRK_TIM9_IRQHandler
                0x000000000800245c                DCMI_IRQHandler
                0x000000000800245c                CAN2_RX0_IRQHandler
                0x000000000800245c                DMA2_Stream3_IRQHandler
                0x000000000800245c                USART6_IRQHandler
                0x000000000800245c                USART3_IRQHandler
                0x000000000800245c                CAN1_RX1_IRQHandler
                0x000000000800245c                UART5_IRQHandler
                0x000000000800245c                DMA2_Stream0_IRQHandler
                0x000000000800245c                I2C1_EV_IRQHandler
                0x000000000800245c                DMA1_Stream6_IRQHandler
                0x000000000800245c                DMA1_Stream1_IRQHandler
                0x000000000800245c                UART4_IRQHandler
                0x000000000800245c                TIM3_IRQHandler
                0x000000000800245c                RCC_IRQHandler
                0x000000000800245c                TIM8_BRK_TIM12_IRQHandler
                0x000000000800245c                Default_Handler
                0x000000000800245c                ADC_IRQHandler
                0x000000000800245c                DMA1_Stream7_IRQHandler
                0x000000000800245c                TIM7_IRQHandler
                0x000000000800245c                CAN2_TX_IRQHandler
                0x000000000800245c                TIM5_IRQHandler
                0x000000000800245c                DMA2_Stream7_IRQHandler
                0x000000000800245c                I2C3_EV_IRQHandler
                0x000000000800245c                EXTI9_5_IRQHandler
                0x000000000800245c                RTC_WKUP_IRQHandler
                0x000000000800245c                ETH_WKUP_IRQHandler
                0x000000000800245c                SPI2_IRQHandler
                0x000000000800245c                OTG_HS_EP1_IN_IRQHandler
                0x000000000800245c                DMA1_Stream0_IRQHandler
                0x000000000800245c                CAN1_TX_IRQHandler
                0x000000000800245c                EXTI4_IRQHandler
                0x000000000800245c                FSMC_IRQHandler
                0x000000000800245c                ETH_IRQHandler
                0x000000000800245c                OTG_HS_EP1_OUT_IRQHandler
                0x000000000800245c                WWDG_IRQHandler
                0x000000000800245c                TIM2_IRQHandler
                0x000000000800245c                OTG_FS_WKUP_IRQHandler
                0x000000000800245c                TIM1_TRG_COM_TIM11_IRQHandler
                0x000000000800245c                OTG_HS_IRQHandler
                0x000000000800245c                EXTI1_IRQHandler
                0x000000000800245c                USART2_IRQHandler
                0x000000000800245c                I2C2_ER_IRQHandler
                0x000000000800245c                DMA2_Stream1_IRQHandler
                0x000000000800245c                CAN1_SCE_IRQHandler
                0x000000000800245c                FLASH_IRQHandler
                0x000000000800245c                DMA2_Stream4_IRQHandler
                0x000000000800245c                USART1_IRQHandler
                0x000000000800245c                OTG_FS_IRQHandler
                0x000000000800245c                SPI3_IRQHandler
                0x000000000800245c                DMA1_Stream4_IRQHandler
                0x000000000800245c                I2C1_ER_IRQHandler
                0x000000000800245c                DMA2_Stream6_IRQHandler
                0x000000000800245c                RTC_Alarm_IRQHandler
 *fill*         0x000000000800245e        0x2 
 .text.HAL_Init
                0x0000000008002460       0x44 Drivers/STM32F4xx_HAL_Driver/Src/stm32f4xx_hal.o
                0x0000000008002460                HAL_Init
 .text.HAL_InitTick
                0x00000000080024a4       0x60 Drivers/STM32F4xx_HAL_Driver/Src/stm32f4xx_hal.o
                0x00000000080024a4                HAL_InitTick
 .text.HAL_IncTick
                0x0000000008002504       0x28 Drivers/STM32F4xx_HAL_Driver/Src/stm32f4xx_hal.o
                0x0000000008002504                HAL_IncTick
 .text.HAL_GetTick
                0x000000000800252c       0x18 Drivers/STM32F4xx_HAL_Driver/Src/stm32f4xx_hal.o
                0x000000000800252c                HAL_GetTick
 .text.HAL_Delay
                0x0000000008002544       0x44 Drivers/STM32F4xx_HAL_Driver/Src/stm32f4xx_hal.o
                0x0000000008002544                HAL_Delay
 .text.__NVIC_SetPriorityGrouping
                0x0000000008002588       0x48 Drivers/STM32F4xx_HAL_Driver/Src/stm32f4xx_hal_cortex.o
 .text.__NVIC_GetPriorityGrouping
                0x00000000080025d0       0x1c Drivers/STM32F4xx_HAL_Driver/Src/stm32f4xx_hal_cortex.o
 .text.__NVIC_EnableIRQ
                0x00000000080025ec       0x3c Drivers/STM32F4xx_HAL_Driver/Src/stm32f4xx_hal_cortex.o
 .text.__NVIC_SetPriority
                0x0000000008002628       0x54 Drivers/STM32F4xx_HAL_Driver/Src/stm32f4xx_hal_cortex.o
 .text.NVIC_EncodePriority
                0x000000000800267c       0x66 Drivers/STM32F4xx_HAL_Driver/Src/stm32f4xx_hal_cortex.o
 *fill*         0x00000000080026e2        0x2 
 .text.SysTick_Config
                0x00000000080026e4       0x44 Drivers/STM32F4xx_HAL_Driver/Src/stm32f4xx_hal_cortex.o
 .text.HAL_NVIC_SetPriorityGrouping
                0x0000000008002728       0x16 Drivers/STM32F4xx_HAL_Driver/Src/stm32f4xx_hal_cortex.o
                0x0000000008002728                HAL_NVIC_SetPriorityGrouping
 .text.HAL_NVIC_SetPriority
                0x000000000800273e       0x38 Drivers/STM32F4xx_HAL_Driver/Src/stm32f4xx_hal_cortex.o
                0x000000000800273e                HAL_NVIC_SetPriority
 .text.HAL_NVIC_EnableIRQ
                0x0000000008002776       0x1c Drivers/STM32F4xx_HAL_Driver/Src/stm32f4xx_hal_cortex.o
                0x0000000008002776                HAL_NVIC_EnableIRQ
 .text.HAL_SYSTICK_Config
                0x0000000008002792       0x18 Drivers/STM32F4xx_HAL_Driver/Src/stm32f4xx_hal_cortex.o
                0x0000000008002792                HAL_SYSTICK_Config
 *fill*         0x00000000080027aa        0x2 
 .text.HAL_GPIO_Init
                0x00000000080027ac      0x334 Drivers/STM32F4xx_HAL_Driver/Src/stm32f4xx_hal_gpio.o
                0x00000000080027ac                HAL_GPIO_Init
 .text.HAL_GPIO_ReadPin
                0x0000000008002ae0       0x30 Drivers/STM32F4xx_HAL_Driver/Src/stm32f4xx_hal_gpio.o
                0x0000000008002ae0                HAL_GPIO_ReadPin
 .text.HAL_GPIO_WritePin
                0x0000000008002b10       0x32 Drivers/STM32F4xx_HAL_Driver/Src/stm32f4xx_hal_gpio.o
                0x0000000008002b10                HAL_GPIO_WritePin
 .text.HAL_GPIO_TogglePin
                0x0000000008002b42       0x36 Drivers/STM32F4xx_HAL_Driver/Src/stm32f4xx_hal_gpio.o
                0x0000000008002b42                HAL_GPIO_TogglePin
 .text.HAL_GPIO_EXTI_IRQHandler
                0x0000000008002b78       0x30 Drivers/STM32F4xx_HAL_Driver/Src/stm32f4xx_hal_gpio.o
                0x0000000008002b78                HAL_GPIO_EXTI_IRQHandler
 .text.HAL_I2C_Init
                0x0000000008002ba8      0x270 Drivers/STM32F4xx_HAL_Driver/Src/stm32f4xx_hal_i2c.o
                0x0000000008002ba8                HAL_I2C_Init
 .text.HAL_I2C_Master_Transmit
                0x0000000008002e18      0x1fc Drivers/STM32F4xx_HAL_Driver/Src/stm32f4xx_hal_i2c.o
                0x0000000008002e18                HAL_I2C_Master_Transmit
 .text.HAL_I2C_Master_Receive
                0x0000000008003014      0x44c Drivers/STM32F4xx_HAL_Driver/Src/stm32f4xx_hal_i2c.o
                0x0000000008003014                HAL_I2C_Master_Receive
 .text.HAL_I2C_Mem_Write
                0x0000000008003460      0x1f4 Drivers/STM32F4xx_HAL_Driver/Src/stm32f4xx_hal_i2c.o
                0x0000000008003460                HAL_I2C_Mem_Write
 .text.HAL_I2C_Mem_Read
                0x0000000008003654      0x44c Drivers/STM32F4xx_HAL_Driver/Src/stm32f4xx_hal_i2c.o
                0x0000000008003654                HAL_I2C_Mem_Read
 .text.I2C_MasterRequestWrite
                0x0000000008003aa0      0x104 Drivers/STM32F4xx_HAL_Driver/Src/stm32f4xx_hal_i2c.o
 .text.I2C_MasterRequestRead
                0x0000000008003ba4      0x198 Drivers/STM32F4xx_HAL_Driver/Src/stm32f4xx_hal_i2c.o
 .text.I2C_RequestMemoryWrite
                0x0000000008003d3c      0x128 Drivers/STM32F4xx_HAL_Driver/Src/stm32f4xx_hal_i2c.o
 .text.I2C_RequestMemoryRead
                0x0000000008003e64      0x1cc Drivers/STM32F4xx_HAL_Driver/Src/stm32f4xx_hal_i2c.o
 .text.I2C_WaitOnFlagUntilTimeout
                0x0000000008004030       0xae Drivers/STM32F4xx_HAL_Driver/Src/stm32f4xx_hal_i2c.o
 .text.I2C_WaitOnMasterAddressFlagUntilTimeout
                0x00000000080040de       0xfe Drivers/STM32F4xx_HAL_Driver/Src/stm32f4xx_hal_i2c.o
 .text.I2C_WaitOnTXEFlagUntilTimeout
                0x00000000080041dc       0x82 Drivers/STM32F4xx_HAL_Driver/Src/stm32f4xx_hal_i2c.o
 .text.I2C_WaitOnBTFFlagUntilTimeout
                0x000000000800425e       0x82 Drivers/STM32F4xx_HAL_Driver/Src/stm32f4xx_hal_i2c.o
 .text.I2C_WaitOnRXNEFlagUntilTimeout
                0x00000000080042e0       0xac Drivers/STM32F4xx_HAL_Driver/Src/stm32f4xx_hal_i2c.o
 .text.I2C_IsAcknowledgeFailed
                0x000000000800438c       0x5e Drivers/STM32F4xx_HAL_Driver/Src/stm32f4xx_hal_i2c.o
 *fill*         0x00000000080043ea        0x2 
 .text.HAL_RCC_OscConfig
                0x00000000080043ec      0x4e0 Drivers/STM32F4xx_HAL_Driver/Src/stm32f4xx_hal_rcc.o
                0x00000000080043ec                HAL_RCC_OscConfig
 .text.HAL_RCC_ClockConfig
                0x00000000080048cc      0x1cc Drivers/STM32F4xx_HAL_Driver/Src/stm32f4xx_hal_rcc.o
                0x00000000080048cc                HAL_RCC_ClockConfig
 .text.HAL_RCC_GetSysClockFreq
                0x0000000008004a98      0x1b0 Drivers/STM32F4xx_HAL_Driver/Src/stm32f4xx_hal_rcc.o
                0x0000000008004a98                HAL_RCC_GetSysClockFreq
 .text.HAL_RCC_GetHCLKFreq
                0x0000000008004c48       0x18 Drivers/STM32F4xx_HAL_Driver/Src/stm32f4xx_hal_rcc.o
                0x0000000008004c48                HAL_RCC_GetHCLKFreq
 .text.HAL_RCC_GetPCLK1Freq
                0x0000000008004c60       0x28 Drivers/STM32F4xx_HAL_Driver/Src/stm32f4xx_hal_rcc.o
                0x0000000008004c60                HAL_RCC_GetPCLK1Freq
 .text.HAL_TIM_Base_Init
                0x0000000008004c88       0x56 Drivers/STM32F4xx_HAL_Driver/Src/stm32f4xx_hal_tim.o
                0x0000000008004c88                HAL_TIM_Base_Init
 .text.HAL_TIM_Base_Start
                0x0000000008004cde       0x48 Drivers/STM32F4xx_HAL_Driver/Src/stm32f4xx_hal_tim.o
                0x0000000008004cde                HAL_TIM_Base_Start
 .text.HAL_TIM_Base_Start_IT
                0x0000000008004d26       0x48 Drivers/STM32F4xx_HAL_Driver/Src/stm32f4xx_hal_tim.o
                0x0000000008004d26                HAL_TIM_Base_Start_IT
 .text.HAL_TIM_IRQHandler
                0x0000000008004d6e      0x210 Drivers/STM32F4xx_HAL_Driver/Src/stm32f4xx_hal_tim.o
                0x0000000008004d6e                HAL_TIM_IRQHandler
 .text.HAL_TIM_ConfigClockSource
                0x0000000008004f7e      0x16e Drivers/STM32F4xx_HAL_Driver/Src/stm32f4xx_hal_tim.o
                0x0000000008004f7e                HAL_TIM_ConfigClockSource
 .text.HAL_TIM_OC_DelayElapsedCallback
                0x00000000080050ec       0x14 Drivers/STM32F4xx_HAL_Driver/Src/stm32f4xx_hal_tim.o
                0x00000000080050ec                HAL_TIM_OC_DelayElapsedCallback
 .text.HAL_TIM_IC_CaptureCallback
                0x0000000008005100       0x14 Drivers/STM32F4xx_HAL_Driver/Src/stm32f4xx_hal_tim.o
                0x0000000008005100                HAL_TIM_IC_CaptureCallback
 .text.HAL_TIM_PWM_PulseFinishedCallback
                0x0000000008005114       0x14 Drivers/STM32F4xx_HAL_Driver/Src/stm32f4xx_hal_tim.o
                0x0000000008005114                HAL_TIM_PWM_PulseFinishedCallback
 .text.HAL_TIM_TriggerCallback
                0x0000000008005128       0x14 Drivers/STM32F4xx_HAL_Driver/Src/stm32f4xx_hal_tim.o
                0x0000000008005128                HAL_TIM_TriggerCallback
 .text.TIM_Base_SetConfig
                0x000000000800513c      0x140 Drivers/STM32F4xx_HAL_Driver/Src/stm32f4xx_hal_tim.o
                0x000000000800513c                TIM_Base_SetConfig
 .text.TIM_TI1_ConfigInputStage
                0x000000000800527c       0x5e Drivers/STM32F4xx_HAL_Driver/Src/stm32f4xx_hal_tim.o
 .text.TIM_TI2_ConfigInputStage
                0x00000000080052da       0x60 Drivers/STM32F4xx_HAL_Driver/Src/stm32f4xx_hal_tim.o
 .text.TIM_ITRx_SetConfig
                0x000000000800533a       0x36 Drivers/STM32F4xx_HAL_Driver/Src/stm32f4xx_hal_tim.o
 .text.TIM_ETR_SetConfig
                0x0000000008005370       0x40 Drivers/STM32F4xx_HAL_Driver/Src/stm32f4xx_hal_tim.o
                0x0000000008005370                TIM_ETR_SetConfig
 .text.HAL_TIMEx_MasterConfigSynchronization
                0x00000000080053b0       0xf8 Drivers/STM32F4xx_HAL_Driver/Src/stm32f4xx_hal_tim_ex.o
                0x00000000080053b0                HAL_TIMEx_MasterConfigSynchronization
 .text.HAL_TIMEx_CommutCallback
                0x00000000080054a8       0x14 Drivers/STM32F4xx_HAL_Driver/Src/stm32f4xx_hal_tim_ex.o
                0x00000000080054a8                HAL_TIMEx_CommutCallback
 .text.HAL_TIMEx_BreakCallback
                0x00000000080054bc       0x14 Drivers/STM32F4xx_HAL_Driver/Src/stm32f4xx_hal_tim_ex.o
                0x00000000080054bc                HAL_TIMEx_BreakCallback
 .text.__errno  0x00000000080054d0        0xc /Applications/STM32CubeIDE.app/Contents/Eclipse/plugins/com.st.stm32cube.ide.mcu.externaltools.gnu-tools-for-stm32.7-2018-q2-update.macos64_1.0.0.201904181610/tools/bin/../lib/gcc/arm-none-eabi/7.3.1/../../../../arm-none-eabi/lib/thumb/v7e-m/fpv4-sp/hard/libc_nano.a(lib_a-errno.o)
                0x00000000080054d0                __errno
 .text.__libc_init_array
                0x00000000080054dc       0x48 /Applications/STM32CubeIDE.app/Contents/Eclipse/plugins/com.st.stm32cube.ide.mcu.externaltools.gnu-tools-for-stm32.7-2018-q2-update.macos64_1.0.0.201904181610/tools/bin/../lib/gcc/arm-none-eabi/7.3.1/../../../../arm-none-eabi/lib/thumb/v7e-m/fpv4-sp/hard/libc_nano.a(lib_a-init.o)
                0x00000000080054dc                __libc_init_array
 .text.malloc   0x0000000008005524       0x10 /Applications/STM32CubeIDE.app/Contents/Eclipse/plugins/com.st.stm32cube.ide.mcu.externaltools.gnu-tools-for-stm32.7-2018-q2-update.macos64_1.0.0.201904181610/tools/bin/../lib/gcc/arm-none-eabi/7.3.1/../../../../arm-none-eabi/lib/thumb/v7e-m/fpv4-sp/hard/libc_nano.a(lib_a-malloc.o)
                0x0000000008005524                malloc
 .text.memset   0x0000000008005534       0x10 /Applications/STM32CubeIDE.app/Contents/Eclipse/plugins/com.st.stm32cube.ide.mcu.externaltools.gnu-tools-for-stm32.7-2018-q2-update.macos64_1.0.0.201904181610/tools/bin/../lib/gcc/arm-none-eabi/7.3.1/../../../../arm-none-eabi/lib/thumb/v7e-m/fpv4-sp/hard/libc_nano.a(lib_a-memset.o)
                0x0000000008005534                memset
 .text._free_r  0x0000000008005544       0x9c /Applications/STM32CubeIDE.app/Contents/Eclipse/plugins/com.st.stm32cube.ide.mcu.externaltools.gnu-tools-for-stm32.7-2018-q2-update.macos64_1.0.0.201904181610/tools/bin/../lib/gcc/arm-none-eabi/7.3.1/../../../../arm-none-eabi/lib/thumb/v7e-m/fpv4-sp/hard/libc_nano.a(lib_a-nano-freer.o)
                0x0000000008005544                _free_r
 .text._malloc_r
                0x00000000080055e0       0xb4 /Applications/STM32CubeIDE.app/Contents/Eclipse/plugins/com.st.stm32cube.ide.mcu.externaltools.gnu-tools-for-stm32.7-2018-q2-update.macos64_1.0.0.201904181610/tools/bin/../lib/gcc/arm-none-eabi/7.3.1/../../../../arm-none-eabi/lib/thumb/v7e-m/fpv4-sp/hard/libc_nano.a(lib_a-nano-mallocr.o)
                0x00000000080055e0                _malloc_r
 .text._sbrk_r  0x0000000008005694       0x20 /Applications/STM32CubeIDE.app/Contents/Eclipse/plugins/com.st.stm32cube.ide.mcu.externaltools.gnu-tools-for-stm32.7-2018-q2-update.macos64_1.0.0.201904181610/tools/bin/../lib/gcc/arm-none-eabi/7.3.1/../../../../arm-none-eabi/lib/thumb/v7e-m/fpv4-sp/hard/libc_nano.a(lib_a-sbrkr.o)
                0x0000000008005694                _sbrk_r
 .text.sprintf  0x00000000080056b4       0x40 /Applications/STM32CubeIDE.app/Contents/Eclipse/plugins/com.st.stm32cube.ide.mcu.externaltools.gnu-tools-for-stm32.7-2018-q2-update.macos64_1.0.0.201904181610/tools/bin/../lib/gcc/arm-none-eabi/7.3.1/../../../../arm-none-eabi/lib/thumb/v7e-m/fpv4-sp/hard/libc_nano.a(lib_a-sprintf.o)
                0x00000000080056b4                sprintf
                0x00000000080056b4                siprintf
 .text.strcpy   0x00000000080056f4       0x10 /Applications/STM32CubeIDE.app/Contents/Eclipse/plugins/com.st.stm32cube.ide.mcu.externaltools.gnu-tools-for-stm32.7-2018-q2-update.macos64_1.0.0.201904181610/tools/bin/../lib/gcc/arm-none-eabi/7.3.1/../../../../arm-none-eabi/lib/thumb/v7e-m/fpv4-sp/hard/libc_nano.a(lib_a-strcpy.o)
                0x00000000080056f4                strcpy
 .text.__malloc_lock
                0x0000000008005704        0x2 /Applications/STM32CubeIDE.app/Contents/Eclipse/plugins/com.st.stm32cube.ide.mcu.externaltools.gnu-tools-for-stm32.7-2018-q2-update.macos64_1.0.0.201904181610/tools/bin/../lib/gcc/arm-none-eabi/7.3.1/../../../../arm-none-eabi/lib/thumb/v7e-m/fpv4-sp/hard/libc_nano.a(lib_a-mlock.o)
                0x0000000008005704                __malloc_lock
 .text.__malloc_unlock
                0x0000000008005706        0x2 /Applications/STM32CubeIDE.app/Contents/Eclipse/plugins/com.st.stm32cube.ide.mcu.externaltools.gnu-tools-for-stm32.7-2018-q2-update.macos64_1.0.0.201904181610/tools/bin/../lib/gcc/arm-none-eabi/7.3.1/../../../../arm-none-eabi/lib/thumb/v7e-m/fpv4-sp/hard/libc_nano.a(lib_a-mlock.o)
                0x0000000008005706                __malloc_unlock
 .text.__ssputs_r
                0x0000000008005708       0xb4 /Applications/STM32CubeIDE.app/Contents/Eclipse/plugins/com.st.stm32cube.ide.mcu.externaltools.gnu-tools-for-stm32.7-2018-q2-update.macos64_1.0.0.201904181610/tools/bin/../lib/gcc/arm-none-eabi/7.3.1/../../../../arm-none-eabi/lib/thumb/v7e-m/fpv4-sp/hard/libc_nano.a(lib_a-nano-svfprintf.o)
                0x0000000008005708                __ssputs_r
 .text._svfprintf_r
                0x00000000080057bc      0x1f0 /Applications/STM32CubeIDE.app/Contents/Eclipse/plugins/com.st.stm32cube.ide.mcu.externaltools.gnu-tools-for-stm32.7-2018-q2-update.macos64_1.0.0.201904181610/tools/bin/../lib/gcc/arm-none-eabi/7.3.1/../../../../arm-none-eabi/lib/thumb/v7e-m/fpv4-sp/hard/libc_nano.a(lib_a-nano-svfprintf.o)
                0x00000000080057bc                _svfprintf_r
                0x00000000080057bc                _svfiprintf_r
 .text._printf_common
                0x00000000080059ac       0xea /Applications/STM32CubeIDE.app/Contents/Eclipse/plugins/com.st.stm32cube.ide.mcu.externaltools.gnu-tools-for-stm32.7-2018-q2-update.macos64_1.0.0.201904181610/tools/bin/../lib/gcc/arm-none-eabi/7.3.1/../../../../arm-none-eabi/lib/thumb/v7e-m/fpv4-sp/hard/libc_nano.a(lib_a-nano-vfprintf_i.o)
                0x00000000080059ac                _printf_common
 *fill*         0x0000000008005a96        0x2 
 .text._printf_i
                0x0000000008005a98      0x224 /Applications/STM32CubeIDE.app/Contents/Eclipse/plugins/com.st.stm32cube.ide.mcu.externaltools.gnu-tools-for-stm32.7-2018-q2-update.macos64_1.0.0.201904181610/tools/bin/../lib/gcc/arm-none-eabi/7.3.1/../../../../arm-none-eabi/lib/thumb/v7e-m/fpv4-sp/hard/libc_nano.a(lib_a-nano-vfprintf_i.o)
                0x0000000008005a98                _printf_i
 .text.memcpy   0x0000000008005cbc       0x16 /Applications/STM32CubeIDE.app/Contents/Eclipse/plugins/com.st.stm32cube.ide.mcu.externaltools.gnu-tools-for-stm32.7-2018-q2-update.macos64_1.0.0.201904181610/tools/bin/../lib/gcc/arm-none-eabi/7.3.1/../../../../arm-none-eabi/lib/thumb/v7e-m/fpv4-sp/hard/libc_nano.a(lib_a-memcpy-stub.o)
                0x0000000008005cbc                memcpy
 .text.memmove  0x0000000008005cd2       0x32 /Applications/STM32CubeIDE.app/Contents/Eclipse/plugins/com.st.stm32cube.ide.mcu.externaltools.gnu-tools-for-stm32.7-2018-q2-update.macos64_1.0.0.201904181610/tools/bin/../lib/gcc/arm-none-eabi/7.3.1/../../../../arm-none-eabi/lib/thumb/v7e-m/fpv4-sp/hard/libc_nano.a(lib_a-memmove.o)
                0x0000000008005cd2                memmove
 .text._realloc_r
                0x0000000008005d04       0x4c /Applications/STM32CubeIDE.app/Contents/Eclipse/plugins/com.st.stm32cube.ide.mcu.externaltools.gnu-tools-for-stm32.7-2018-q2-update.macos64_1.0.0.201904181610/tools/bin/../lib/gcc/arm-none-eabi/7.3.1/../../../../arm-none-eabi/lib/thumb/v7e-m/fpv4-sp/hard/libc_nano.a(lib_a-nano-reallocr.o)
                0x0000000008005d04                _realloc_r
 .text._malloc_usable_size_r
                0x0000000008005d50       0x10 /Applications/STM32CubeIDE.app/Contents/Eclipse/plugins/com.st.stm32cube.ide.mcu.externaltools.gnu-tools-for-stm32.7-2018-q2-update.macos64_1.0.0.201904181610/tools/bin/../lib/gcc/arm-none-eabi/7.3.1/../../../../arm-none-eabi/lib/thumb/v7e-m/fpv4-sp/hard/libc_nano.a(lib_a-nano-msizer.o)
                0x0000000008005d50                _malloc_usable_size_r
 .text.trunc    0x0000000008005d60       0x74 /Applications/STM32CubeIDE.app/Contents/Eclipse/plugins/com.st.stm32cube.ide.mcu.externaltools.gnu-tools-for-stm32.7-2018-q2-update.macos64_1.0.0.201904181610/tools/bin/../lib/gcc/arm-none-eabi/7.3.1/../../../../arm-none-eabi/lib/thumb/v7e-m/fpv4-sp/hard/libm.a(lib_a-s_trunc.o)
                0x0000000008005d60                trunc
 *(.glue_7)
 .glue_7        0x0000000008005dd4        0x0 linker stubs
 *(.glue_7t)
 .glue_7t       0x0000000008005dd4        0x0 linker stubs
 *(.eh_frame)
 .eh_frame      0x0000000008005dd4        0x0 /Applications/STM32CubeIDE.app/Contents/Eclipse/plugins/com.st.stm32cube.ide.mcu.externaltools.gnu-tools-for-stm32.7-2018-q2-update.macos64_1.0.0.201904181610/tools/bin/../lib/gcc/arm-none-eabi/7.3.1/thumb/v7e-m/fpv4-sp/hard/crtbegin.o
 *(.init)
 .init          0x0000000008005dd4        0x4 /Applications/STM32CubeIDE.app/Contents/Eclipse/plugins/com.st.stm32cube.ide.mcu.externaltools.gnu-tools-for-stm32.7-2018-q2-update.macos64_1.0.0.201904181610/tools/bin/../lib/gcc/arm-none-eabi/7.3.1/thumb/v7e-m/fpv4-sp/hard/crti.o
                0x0000000008005dd4                _init
 .init          0x0000000008005dd8        0x8 /Applications/STM32CubeIDE.app/Contents/Eclipse/plugins/com.st.stm32cube.ide.mcu.externaltools.gnu-tools-for-stm32.7-2018-q2-update.macos64_1.0.0.201904181610/tools/bin/../lib/gcc/arm-none-eabi/7.3.1/thumb/v7e-m/fpv4-sp/hard/crtn.o
 *(.fini)
 .fini          0x0000000008005de0        0x4 /Applications/STM32CubeIDE.app/Contents/Eclipse/plugins/com.st.stm32cube.ide.mcu.externaltools.gnu-tools-for-stm32.7-2018-q2-update.macos64_1.0.0.201904181610/tools/bin/../lib/gcc/arm-none-eabi/7.3.1/thumb/v7e-m/fpv4-sp/hard/crti.o
                0x0000000008005de0                _fini
 .fini          0x0000000008005de4        0x8 /Applications/STM32CubeIDE.app/Contents/Eclipse/plugins/com.st.stm32cube.ide.mcu.externaltools.gnu-tools-for-stm32.7-2018-q2-update.macos64_1.0.0.201904181610/tools/bin/../lib/gcc/arm-none-eabi/7.3.1/thumb/v7e-m/fpv4-sp/hard/crtn.o
                0x0000000008005dec                . = ALIGN (0x4)
                0x0000000008005dec                _etext = .

.vfp11_veneer   0x0000000008005dec        0x0
 .vfp11_veneer  0x0000000008005dec        0x0 linker stubs

.v4_bx          0x0000000008005dec        0x0
 .v4_bx         0x0000000008005dec        0x0 linker stubs

.iplt           0x0000000008005dec        0x0
 .iplt          0x0000000008005dec        0x0 /Applications/STM32CubeIDE.app/Contents/Eclipse/plugins/com.st.stm32cube.ide.mcu.externaltools.gnu-tools-for-stm32.7-2018-q2-update.macos64_1.0.0.201904181610/tools/bin/../lib/gcc/arm-none-eabi/7.3.1/thumb/v7e-m/fpv4-sp/hard/crtbegin.o

.rodata         0x0000000008005dec       0x7c
                0x0000000008005dec                . = ALIGN (0x4)
 *(.rodata)
 .rodata        0x0000000008005dec       0x17 Core/Src/main.o
 *fill*         0x0000000008005e03        0x1 
 .rodata        0x0000000008005e04       0x15 Core/Src/rda5807m.o
 *(.rodata*)
 *fill*         0x0000000008005e19        0x3 
 .rodata.AHBPrescTable
                0x0000000008005e1c       0x10 Core/Src/system_stm32f4xx.o
                0x0000000008005e1c                AHBPrescTable
 .rodata.APBPrescTable
                0x0000000008005e2c        0x8 Core/Src/system_stm32f4xx.o
                0x0000000008005e2c                APBPrescTable
 .rodata._svfprintf_r.str1.1
                0x0000000008005e34       0x11 /Applications/STM32CubeIDE.app/Contents/Eclipse/plugins/com.st.stm32cube.ide.mcu.externaltools.gnu-tools-for-stm32.7-2018-q2-update.macos64_1.0.0.201904181610/tools/bin/../lib/gcc/arm-none-eabi/7.3.1/../../../../arm-none-eabi/lib/thumb/v7e-m/fpv4-sp/hard/libc_nano.a(lib_a-nano-svfprintf.o)
 .rodata._printf_i.str1.1
                0x0000000008005e45       0x22 /Applications/STM32CubeIDE.app/Contents/Eclipse/plugins/com.st.stm32cube.ide.mcu.externaltools.gnu-tools-for-stm32.7-2018-q2-update.macos64_1.0.0.201904181610/tools/bin/../lib/gcc/arm-none-eabi/7.3.1/../../../../arm-none-eabi/lib/thumb/v7e-m/fpv4-sp/hard/libc_nano.a(lib_a-nano-vfprintf_i.o)
                0x0000000008005e68                . = ALIGN (0x4)
 *fill*         0x0000000008005e67        0x1 

.ARM.extab      0x0000000008005e68        0x0
                0x0000000008005e68                . = ALIGN (0x4)
 *(.ARM.extab* .gnu.linkonce.armextab.*)
                0x0000000008005e68                . = ALIGN (0x4)

.ARM            0x0000000008005e68        0x8
                0x0000000008005e68                . = ALIGN (0x4)
                0x0000000008005e68                __exidx_start = .
 *(.ARM.exidx*)
 .ARM.exidx     0x0000000008005e68        0x8 /Applications/STM32CubeIDE.app/Contents/Eclipse/plugins/com.st.stm32cube.ide.mcu.externaltools.gnu-tools-for-stm32.7-2018-q2-update.macos64_1.0.0.201904181610/tools/bin/../lib/gcc/arm-none-eabi/7.3.1/thumb/v7e-m/fpv4-sp/hard/libgcc.a(_udivmoddi4.o)
                0x0000000008005e70                __exidx_end = .
                0x0000000008005e70                . = ALIGN (0x4)

.rel.dyn        0x0000000008005e70        0x0
 .rel.iplt      0x0000000008005e70        0x0 /Applications/STM32CubeIDE.app/Contents/Eclipse/plugins/com.st.stm32cube.ide.mcu.externaltools.gnu-tools-for-stm32.7-2018-q2-update.macos64_1.0.0.201904181610/tools/bin/../lib/gcc/arm-none-eabi/7.3.1/thumb/v7e-m/fpv4-sp/hard/crtbegin.o

.preinit_array  0x0000000008005e70        0x0
                0x0000000008005e70                . = ALIGN (0x4)
                0x0000000008005e70                PROVIDE (__preinit_array_start = .)
 *(.preinit_array*)
                0x0000000008005e70                PROVIDE (__preinit_array_end = .)
                0x0000000008005e70                . = ALIGN (0x4)

.init_array     0x0000000008005e70        0x4
                0x0000000008005e70                . = ALIGN (0x4)
                0x0000000008005e70                PROVIDE (__init_array_start = .)
 *(SORT_BY_NAME(.init_array.*))
 *(.init_array*)
 .init_array    0x0000000008005e70        0x4 /Applications/STM32CubeIDE.app/Contents/Eclipse/plugins/com.st.stm32cube.ide.mcu.externaltools.gnu-tools-for-stm32.7-2018-q2-update.macos64_1.0.0.201904181610/tools/bin/../lib/gcc/arm-none-eabi/7.3.1/thumb/v7e-m/fpv4-sp/hard/crtbegin.o
                0x0000000008005e74                PROVIDE (__init_array_end = .)
                0x0000000008005e74                . = ALIGN (0x4)

.fini_array     0x0000000008005e74        0x4
                0x0000000008005e74                . = ALIGN (0x4)
                [!provide]                        PROVIDE (__fini_array_start = .)
 *(SORT_BY_NAME(.fini_array.*))
 *(.fini_array*)
 .fini_array    0x0000000008005e74        0x4 /Applications/STM32CubeIDE.app/Contents/Eclipse/plugins/com.st.stm32cube.ide.mcu.externaltools.gnu-tools-for-stm32.7-2018-q2-update.macos64_1.0.0.201904181610/tools/bin/../lib/gcc/arm-none-eabi/7.3.1/thumb/v7e-m/fpv4-sp/hard/crtbegin.o
                [!provide]                        PROVIDE (__fini_array_end = .)
                0x0000000008005e78                . = ALIGN (0x4)
                0x0000000008005e78                _sidata = LOADADDR (.data)

.data           0x0000000020000000       0x84 load address 0x0000000008005e78
                0x0000000020000000                . = ALIGN (0x4)
                0x0000000020000000                _sdata = .
 *(.data)
 *(.data*)
 .data.mode_8_4_I2C
                0x0000000020000000        0x1 Core/Src/lcd1602.o
 .data.DisplayControl
                0x0000000020000001        0x1 Core/Src/lcd1602.o
 .data.FunctionSet
                0x0000000020000002        0x1 Core/Src/lcd1602.o
 *fill*         0x0000000020000003        0x1 
 .data.RDS_data
                0x0000000020000004        0x4 Core/Src/main.o
                0x0000000020000004                RDS_data
 .data.RADIO_volume
                0x0000000020000008        0x4 Core/Src/main.o
                0x0000000020000008                RADIO_volume
 .data.RADIO_freq
                0x000000002000000c        0x7 Core/Src/main.o
                0x000000002000000c                RADIO_freq
 *fill*         0x0000000020000013        0x1 
 .data.SystemCoreClock
                0x0000000020000014        0x4 Core/Src/system_stm32f4xx.o
                0x0000000020000014                SystemCoreClock
 .data.uwTickPrio
                0x0000000020000018        0x4 Drivers/STM32F4xx_HAL_Driver/Src/stm32f4xx_hal.o
                0x0000000020000018                uwTickPrio
 .data.uwTickFreq
                0x000000002000001c        0x1 Drivers/STM32F4xx_HAL_Driver/Src/stm32f4xx_hal.o
                0x000000002000001c                uwTickFreq
 *fill*         0x000000002000001d        0x3 
 .data._impure_ptr
                0x0000000020000020        0x4 /Applications/STM32CubeIDE.app/Contents/Eclipse/plugins/com.st.stm32cube.ide.mcu.externaltools.gnu-tools-for-stm32.7-2018-q2-update.macos64_1.0.0.201904181610/tools/bin/../lib/gcc/arm-none-eabi/7.3.1/../../../../arm-none-eabi/lib/thumb/v7e-m/fpv4-sp/hard/libc_nano.a(lib_a-impure.o)
                0x0000000020000020                _impure_ptr
 .data.impure_data
                0x0000000020000024       0x60 /Applications/STM32CubeIDE.app/Contents/Eclipse/plugins/com.st.stm32cube.ide.mcu.externaltools.gnu-tools-for-stm32.7-2018-q2-update.macos64_1.0.0.201904181610/tools/bin/../lib/gcc/arm-none-eabi/7.3.1/../../../../arm-none-eabi/lib/thumb/v7e-m/fpv4-sp/hard/libc_nano.a(lib_a-impure.o)
                0x0000000020000084                . = ALIGN (0x4)
                0x0000000020000084                _edata = .

.igot.plt       0x0000000020000084        0x0 load address 0x0000000008005efc
 .igot.plt      0x0000000020000084        0x0 /Applications/STM32CubeIDE.app/Contents/Eclipse/plugins/com.st.stm32cube.ide.mcu.externaltools.gnu-tools-for-stm32.7-2018-q2-update.macos64_1.0.0.201904181610/tools/bin/../lib/gcc/arm-none-eabi/7.3.1/thumb/v7e-m/fpv4-sp/hard/crtbegin.o
                0x0000000020000084                . = ALIGN (0x4)

.bss            0x0000000020000084      0x1f4 load address 0x0000000008005efc
                0x0000000020000084                _sbss = .
                0x0000000020000084                __bss_start__ = _sbss
 *(.bss)
 .bss           0x0000000020000084       0x1c /Applications/STM32CubeIDE.app/Contents/Eclipse/plugins/com.st.stm32cube.ide.mcu.externaltools.gnu-tools-for-stm32.7-2018-q2-update.macos64_1.0.0.201904181610/tools/bin/../lib/gcc/arm-none-eabi/7.3.1/thumb/v7e-m/fpv4-sp/hard/crtbegin.o
 *(.bss*)
 .bss.PORT_RS_and_E
                0x00000000200000a0        0x4 Core/Src/lcd1602.o
 .bss.PIN_RS    0x00000000200000a4        0x2 Core/Src/lcd1602.o
 .bss.PIN_E     0x00000000200000a6        0x2 Core/Src/lcd1602.o
 .bss.PORT_LSB  0x00000000200000a8        0x4 Core/Src/lcd1602.o
 .bss.D0_PIN    0x00000000200000ac        0x2 Core/Src/lcd1602.o
 .bss.D1_PIN    0x00000000200000ae        0x2 Core/Src/lcd1602.o
 .bss.D2_PIN    0x00000000200000b0        0x2 Core/Src/lcd1602.o
 .bss.D3_PIN    0x00000000200000b2        0x2 Core/Src/lcd1602.o
 .bss.PORT_MSB  0x00000000200000b4        0x4 Core/Src/lcd1602.o
 .bss.D4_PIN    0x00000000200000b8        0x2 Core/Src/lcd1602.o
 .bss.D5_PIN    0x00000000200000ba        0x2 Core/Src/lcd1602.o
 .bss.D6_PIN    0x00000000200000bc        0x2 Core/Src/lcd1602.o
 .bss.D7_PIN    0x00000000200000be        0x2 Core/Src/lcd1602.o
 .bss.TEMP_value
                0x00000000200000c0        0x4 Core/Src/main.o
                0x00000000200000c0                TEMP_value
 .bss.heap_end.6424
                0x00000000200000c4        0x4 Core/Src/sysmem.o
 .bss.__malloc_free_list
                0x00000000200000c8        0x4 /Applications/STM32CubeIDE.app/Contents/Eclipse/plugins/com.st.stm32cube.ide.mcu.externaltools.gnu-tools-for-stm32.7-2018-q2-update.macos64_1.0.0.201904181610/tools/bin/../lib/gcc/arm-none-eabi/7.3.1/../../../../arm-none-eabi/lib/thumb/v7e-m/fpv4-sp/hard/libc_nano.a(lib_a-nano-mallocr.o)
                0x00000000200000c8                __malloc_free_list
 .bss.__malloc_sbrk_start
                0x00000000200000cc        0x4 /Applications/STM32CubeIDE.app/Contents/Eclipse/plugins/com.st.stm32cube.ide.mcu.externaltools.gnu-tools-for-stm32.7-2018-q2-update.macos64_1.0.0.201904181610/tools/bin/../lib/gcc/arm-none-eabi/7.3.1/../../../../arm-none-eabi/lib/thumb/v7e-m/fpv4-sp/hard/libc_nano.a(lib_a-nano-mallocr.o)
                0x00000000200000cc                __malloc_sbrk_start
 *(COMMON)
 COMMON         0x00000000200000d0      0x120 Core/Src/main.o
                0x00000000200000d0                TEMP_decimalParts
                0x00000000200000d4                lastRDSMinutes
                0x00000000200000d6                RadReady
                0x00000000200000d7                TEMP_byte1
                0x00000000200000d8                ActualStationName
                0x00000000200000e0                TEMP_charValue
                0x00000000200000e8                htim4
                0x0000000020000128                hi2c1
                0x000000002000017c                TEMP_byte2
                0x000000002000017e                RDS_BlockC
                0x0000000020000180                TEMP_beforeComma
                0x0000000020000184                RDS_BlockD
                0x0000000020000188                RDS_stationName
                0x0000000020000190                htim3
                0x00000000200001d0                TEMP_bytes
                0x00000000200001d4                RADIO_rawFreq
                0x00000000200001dc                TEMP_floatDecimalParts
                0x00000000200001e0                RDS_BlockA
                0x00000000200001e4                StationName
                0x00000000200001ec                DS18B20_presence
                0x00000000200001ee                RDS_BlockB
 COMMON         0x00000000200001f0       0x80 Core/Src/rda5807m.o
                0x00000000200001f0                buf1
                0x0000000020000230                buf2
 COMMON         0x0000000020000270        0x4 Drivers/STM32F4xx_HAL_Driver/Src/stm32f4xx_hal.o
                0x0000000020000270                uwTick
 COMMON         0x0000000020000274        0x4 /Applications/STM32CubeIDE.app/Contents/Eclipse/plugins/com.st.stm32cube.ide.mcu.externaltools.gnu-tools-for-stm32.7-2018-q2-update.macos64_1.0.0.201904181610/tools/bin/../lib/gcc/arm-none-eabi/7.3.1/../../../../arm-none-eabi/lib/thumb/v7e-m/fpv4-sp/hard/libc_nano.a(lib_a-reent.o)
                0x0000000020000274                errno
                0x0000000020000278                . = ALIGN (0x4)
                0x0000000020000278                _ebss = .
                0x0000000020000278                __bss_end__ = _ebss

._user_heap_stack
                0x0000000020000278      0x600 load address 0x0000000008005efc
                0x0000000020000278                . = ALIGN (0x8)
                0x0000000020000278                PROVIDE (end = .)
                [!provide]                        PROVIDE (_end = .)
                0x0000000020000478                . = (. + _Min_Heap_Size)
 *fill*         0x0000000020000278      0x200 
                0x0000000020000878                . = (. + _Min_Stack_Size)
 *fill*         0x0000000020000478      0x400 
                0x0000000020000878                . = ALIGN (0x8)

/DISCARD/
 libc.a(*)
 libm.a(*)
 libgcc.a(*)

.ARM.attributes
                0x0000000000000000       0x30
 *(.ARM.attributes)
 .ARM.attributes
                0x0000000000000000       0x22 /Applications/STM32CubeIDE.app/Contents/Eclipse/plugins/com.st.stm32cube.ide.mcu.externaltools.gnu-tools-for-stm32.7-2018-q2-update.macos64_1.0.0.201904181610/tools/bin/../lib/gcc/arm-none-eabi/7.3.1/thumb/v7e-m/fpv4-sp/hard/crti.o
 .ARM.attributes
                0x0000000000000022       0x34 /Applications/STM32CubeIDE.app/Contents/Eclipse/plugins/com.st.stm32cube.ide.mcu.externaltools.gnu-tools-for-stm32.7-2018-q2-update.macos64_1.0.0.201904181610/tools/bin/../lib/gcc/arm-none-eabi/7.3.1/thumb/v7e-m/fpv4-sp/hard/crtbegin.o
 .ARM.attributes
                0x0000000000000056       0x39 Core/Src/ds18b20.o
 .ARM.attributes
                0x000000000000008f       0x39 Core/Src/lcd1602.o
 .ARM.attributes
                0x00000000000000c8       0x39 Core/Src/main.o
 .ARM.attributes
                0x0000000000000101       0x39 Core/Src/rda5807m.o
 .ARM.attributes
                0x000000000000013a       0x39 Core/Src/stm32f4xx_hal_msp.o
 .ARM.attributes
                0x0000000000000173       0x39 Core/Src/stm32f4xx_it.o
 .ARM.attributes
                0x00000000000001ac       0x39 Core/Src/sysmem.o
 .ARM.attributes
                0x00000000000001e5       0x39 Core/Src/system_stm32f4xx.o
 .ARM.attributes
                0x000000000000021e       0x21 Core/Startup/startup_stm32f407vgtx.o
 .ARM.attributes
                0x000000000000023f       0x39 Drivers/STM32F4xx_HAL_Driver/Src/stm32f4xx_hal.o
 .ARM.attributes
                0x0000000000000278       0x39 Drivers/STM32F4xx_HAL_Driver/Src/stm32f4xx_hal_cortex.o
 .ARM.attributes
                0x00000000000002b1       0x39 Drivers/STM32F4xx_HAL_Driver/Src/stm32f4xx_hal_gpio.o
 .ARM.attributes
                0x00000000000002ea       0x39 Drivers/STM32F4xx_HAL_Driver/Src/stm32f4xx_hal_i2c.o
 .ARM.attributes
                0x0000000000000323       0x39 Drivers/STM32F4xx_HAL_Driver/Src/stm32f4xx_hal_rcc.o
 .ARM.attributes
                0x000000000000035c       0x39 Drivers/STM32F4xx_HAL_Driver/Src/stm32f4xx_hal_tim.o
 .ARM.attributes
                0x0000000000000395       0x39 Drivers/STM32F4xx_HAL_Driver/Src/stm32f4xx_hal_tim_ex.o
 .ARM.attributes
                0x00000000000003ce       0x34 /Applications/STM32CubeIDE.app/Contents/Eclipse/plugins/com.st.stm32cube.ide.mcu.externaltools.gnu-tools-for-stm32.7-2018-q2-update.macos64_1.0.0.201904181610/tools/bin/../lib/gcc/arm-none-eabi/7.3.1/../../../../arm-none-eabi/lib/thumb/v7e-m/fpv4-sp/hard/libc_nano.a(lib_a-errno.o)
 .ARM.attributes
                0x0000000000000402       0x34 /Applications/STM32CubeIDE.app/Contents/Eclipse/plugins/com.st.stm32cube.ide.mcu.externaltools.gnu-tools-for-stm32.7-2018-q2-update.macos64_1.0.0.201904181610/tools/bin/../lib/gcc/arm-none-eabi/7.3.1/../../../../arm-none-eabi/lib/thumb/v7e-m/fpv4-sp/hard/libc_nano.a(lib_a-impure.o)
 .ARM.attributes
                0x0000000000000436       0x34 /Applications/STM32CubeIDE.app/Contents/Eclipse/plugins/com.st.stm32cube.ide.mcu.externaltools.gnu-tools-for-stm32.7-2018-q2-update.macos64_1.0.0.201904181610/tools/bin/../lib/gcc/arm-none-eabi/7.3.1/../../../../arm-none-eabi/lib/thumb/v7e-m/fpv4-sp/hard/libc_nano.a(lib_a-init.o)
 .ARM.attributes
                0x000000000000046a       0x34 /Applications/STM32CubeIDE.app/Contents/Eclipse/plugins/com.st.stm32cube.ide.mcu.externaltools.gnu-tools-for-stm32.7-2018-q2-update.macos64_1.0.0.201904181610/tools/bin/../lib/gcc/arm-none-eabi/7.3.1/../../../../arm-none-eabi/lib/thumb/v7e-m/fpv4-sp/hard/libc_nano.a(lib_a-malloc.o)
 .ARM.attributes
                0x000000000000049e       0x34 /Applications/STM32CubeIDE.app/Contents/Eclipse/plugins/com.st.stm32cube.ide.mcu.externaltools.gnu-tools-for-stm32.7-2018-q2-update.macos64_1.0.0.201904181610/tools/bin/../lib/gcc/arm-none-eabi/7.3.1/../../../../arm-none-eabi/lib/thumb/v7e-m/fpv4-sp/hard/libc_nano.a(lib_a-memset.o)
 .ARM.attributes
                0x00000000000004d2       0x34 /Applications/STM32CubeIDE.app/Contents/Eclipse/plugins/com.st.stm32cube.ide.mcu.externaltools.gnu-tools-for-stm32.7-2018-q2-update.macos64_1.0.0.201904181610/tools/bin/../lib/gcc/arm-none-eabi/7.3.1/../../../../arm-none-eabi/lib/thumb/v7e-m/fpv4-sp/hard/libc_nano.a(lib_a-nano-freer.o)
 .ARM.attributes
                0x0000000000000506       0x34 /Applications/STM32CubeIDE.app/Contents/Eclipse/plugins/com.st.stm32cube.ide.mcu.externaltools.gnu-tools-for-stm32.7-2018-q2-update.macos64_1.0.0.201904181610/tools/bin/../lib/gcc/arm-none-eabi/7.3.1/../../../../arm-none-eabi/lib/thumb/v7e-m/fpv4-sp/hard/libc_nano.a(lib_a-nano-mallocr.o)
 .ARM.attributes
                0x000000000000053a       0x34 /Applications/STM32CubeIDE.app/Contents/Eclipse/plugins/com.st.stm32cube.ide.mcu.externaltools.gnu-tools-for-stm32.7-2018-q2-update.macos64_1.0.0.201904181610/tools/bin/../lib/gcc/arm-none-eabi/7.3.1/../../../../arm-none-eabi/lib/thumb/v7e-m/fpv4-sp/hard/libc_nano.a(lib_a-sbrkr.o)
 .ARM.attributes
                0x000000000000056e       0x34 /Applications/STM32CubeIDE.app/Contents/Eclipse/plugins/com.st.stm32cube.ide.mcu.externaltools.gnu-tools-for-stm32.7-2018-q2-update.macos64_1.0.0.201904181610/tools/bin/../lib/gcc/arm-none-eabi/7.3.1/../../../../arm-none-eabi/lib/thumb/v7e-m/fpv4-sp/hard/libc_nano.a(lib_a-sprintf.o)
 .ARM.attributes
                0x00000000000005a2       0x34 /Applications/STM32CubeIDE.app/Contents/Eclipse/plugins/com.st.stm32cube.ide.mcu.externaltools.gnu-tools-for-stm32.7-2018-q2-update.macos64_1.0.0.201904181610/tools/bin/../lib/gcc/arm-none-eabi/7.3.1/../../../../arm-none-eabi/lib/thumb/v7e-m/fpv4-sp/hard/libc_nano.a(lib_a-strcpy.o)
 .ARM.attributes
                0x00000000000005d6       0x34 /Applications/STM32CubeIDE.app/Contents/Eclipse/plugins/com.st.stm32cube.ide.mcu.externaltools.gnu-tools-for-stm32.7-2018-q2-update.macos64_1.0.0.201904181610/tools/bin/../lib/gcc/arm-none-eabi/7.3.1/../../../../arm-none-eabi/lib/thumb/v7e-m/fpv4-sp/hard/libc_nano.a(lib_a-mlock.o)
 .ARM.attributes
                0x000000000000060a       0x34 /Applications/STM32CubeIDE.app/Contents/Eclipse/plugins/com.st.stm32cube.ide.mcu.externaltools.gnu-tools-for-stm32.7-2018-q2-update.macos64_1.0.0.201904181610/tools/bin/../lib/gcc/arm-none-eabi/7.3.1/../../../../arm-none-eabi/lib/thumb/v7e-m/fpv4-sp/hard/libc_nano.a(lib_a-nano-svfprintf.o)
 .ARM.attributes
                0x000000000000063e       0x34 /Applications/STM32CubeIDE.app/Contents/Eclipse/plugins/com.st.stm32cube.ide.mcu.externaltools.gnu-tools-for-stm32.7-2018-q2-update.macos64_1.0.0.201904181610/tools/bin/../lib/gcc/arm-none-eabi/7.3.1/../../../../arm-none-eabi/lib/thumb/v7e-m/fpv4-sp/hard/libc_nano.a(lib_a-nano-vfprintf_i.o)
 .ARM.attributes
                0x0000000000000672       0x34 /Applications/STM32CubeIDE.app/Contents/Eclipse/plugins/com.st.stm32cube.ide.mcu.externaltools.gnu-tools-for-stm32.7-2018-q2-update.macos64_1.0.0.201904181610/tools/bin/../lib/gcc/arm-none-eabi/7.3.1/../../../../arm-none-eabi/lib/thumb/v7e-m/fpv4-sp/hard/libc_nano.a(lib_a-reent.o)
 .ARM.attributes
                0x00000000000006a6       0x20 /Applications/STM32CubeIDE.app/Contents/Eclipse/plugins/com.st.stm32cube.ide.mcu.externaltools.gnu-tools-for-stm32.7-2018-q2-update.macos64_1.0.0.201904181610/tools/bin/../lib/gcc/arm-none-eabi/7.3.1/../../../../arm-none-eabi/lib/thumb/v7e-m/fpv4-sp/hard/libc_nano.a(lib_a-memchr.o)
 .ARM.attributes
                0x00000000000006c6       0x34 /Applications/STM32CubeIDE.app/Contents/Eclipse/plugins/com.st.stm32cube.ide.mcu.externaltools.gnu-tools-for-stm32.7-2018-q2-update.macos64_1.0.0.201904181610/tools/bin/../lib/gcc/arm-none-eabi/7.3.1/../../../../arm-none-eabi/lib/thumb/v7e-m/fpv4-sp/hard/libc_nano.a(lib_a-memcpy-stub.o)
 .ARM.attributes
                0x00000000000006fa       0x34 /Applications/STM32CubeIDE.app/Contents/Eclipse/plugins/com.st.stm32cube.ide.mcu.externaltools.gnu-tools-for-stm32.7-2018-q2-update.macos64_1.0.0.201904181610/tools/bin/../lib/gcc/arm-none-eabi/7.3.1/../../../../arm-none-eabi/lib/thumb/v7e-m/fpv4-sp/hard/libc_nano.a(lib_a-memmove.o)
 .ARM.attributes
                0x000000000000072e       0x34 /Applications/STM32CubeIDE.app/Contents/Eclipse/plugins/com.st.stm32cube.ide.mcu.externaltools.gnu-tools-for-stm32.7-2018-q2-update.macos64_1.0.0.201904181610/tools/bin/../lib/gcc/arm-none-eabi/7.3.1/../../../../arm-none-eabi/lib/thumb/v7e-m/fpv4-sp/hard/libc_nano.a(lib_a-nano-reallocr.o)
 .ARM.attributes
                0x0000000000000762       0x34 /Applications/STM32CubeIDE.app/Contents/Eclipse/plugins/com.st.stm32cube.ide.mcu.externaltools.gnu-tools-for-stm32.7-2018-q2-update.macos64_1.0.0.201904181610/tools/bin/../lib/gcc/arm-none-eabi/7.3.1/../../../../arm-none-eabi/lib/thumb/v7e-m/fpv4-sp/hard/libc_nano.a(lib_a-nano-msizer.o)
 .ARM.attributes
                0x0000000000000796       0x34 /Applications/STM32CubeIDE.app/Contents/Eclipse/plugins/com.st.stm32cube.ide.mcu.externaltools.gnu-tools-for-stm32.7-2018-q2-update.macos64_1.0.0.201904181610/tools/bin/../lib/gcc/arm-none-eabi/7.3.1/../../../../arm-none-eabi/lib/thumb/v7e-m/fpv4-sp/hard/libm.a(lib_a-s_trunc.o)
 .ARM.attributes
                0x00000000000007ca       0x22 /Applications/STM32CubeIDE.app/Contents/Eclipse/plugins/com.st.stm32cube.ide.mcu.externaltools.gnu-tools-for-stm32.7-2018-q2-update.macos64_1.0.0.201904181610/tools/bin/../lib/gcc/arm-none-eabi/7.3.1/thumb/v7e-m/fpv4-sp/hard/libgcc.a(_arm_addsubdf3.o)
 .ARM.attributes
                0x00000000000007ec       0x22 /Applications/STM32CubeIDE.app/Contents/Eclipse/plugins/com.st.stm32cube.ide.mcu.externaltools.gnu-tools-for-stm32.7-2018-q2-update.macos64_1.0.0.201904181610/tools/bin/../lib/gcc/arm-none-eabi/7.3.1/thumb/v7e-m/fpv4-sp/hard/libgcc.a(_arm_fixdfsi.o)
 .ARM.attributes
                0x000000000000080e       0x22 /Applications/STM32CubeIDE.app/Contents/Eclipse/plugins/com.st.stm32cube.ide.mcu.externaltools.gnu-tools-for-stm32.7-2018-q2-update.macos64_1.0.0.201904181610/tools/bin/../lib/gcc/arm-none-eabi/7.3.1/thumb/v7e-m/fpv4-sp/hard/libgcc.a(_aeabi_uldivmod.o)
 .ARM.attributes
                0x0000000000000830       0x34 /Applications/STM32CubeIDE.app/Contents/Eclipse/plugins/com.st.stm32cube.ide.mcu.externaltools.gnu-tools-for-stm32.7-2018-q2-update.macos64_1.0.0.201904181610/tools/bin/../lib/gcc/arm-none-eabi/7.3.1/thumb/v7e-m/fpv4-sp/hard/libgcc.a(_udivmoddi4.o)
 .ARM.attributes
                0x0000000000000864       0x22 /Applications/STM32CubeIDE.app/Contents/Eclipse/plugins/com.st.stm32cube.ide.mcu.externaltools.gnu-tools-for-stm32.7-2018-q2-update.macos64_1.0.0.201904181610/tools/bin/../lib/gcc/arm-none-eabi/7.3.1/thumb/v7e-m/fpv4-sp/hard/libgcc.a(_dvmd_tls.o)
 .ARM.attributes
                0x0000000000000886       0x22 /Applications/STM32CubeIDE.app/Contents/Eclipse/plugins/com.st.stm32cube.ide.mcu.externaltools.gnu-tools-for-stm32.7-2018-q2-update.macos64_1.0.0.201904181610/tools/bin/../lib/gcc/arm-none-eabi/7.3.1/thumb/v7e-m/fpv4-sp/hard/crtn.o
OUTPUT(radio_temperature_project.elf elf32-littlearm)

.debug_info     0x0000000000000000     0xf9d5
 .debug_info    0x0000000000000000      0xc0c Core/Src/ds18b20.o
 .debug_info    0x0000000000000c0c     0x10c5 Core/Src/lcd1602.o
 .debug_info    0x0000000000001cd1     0x1c32 Core/Src/main.o
 .debug_info    0x0000000000003903     0x1a67 Core/Src/rda5807m.o
 .debug_info    0x000000000000536a      0xeec Core/Src/stm32f4xx_hal_msp.o
 .debug_info    0x0000000000006256      0x712 Core/Src/stm32f4xx_it.o
 .debug_info    0x0000000000006968      0x91c Core/Src/sysmem.o
 .debug_info    0x0000000000007284      0x554 Core/Src/system_stm32f4xx.o
 .debug_info    0x00000000000077d8       0x22 Core/Startup/startup_stm32f407vgtx.o
 .debug_info    0x00000000000077fa      0x945 Drivers/STM32F4xx_HAL_Driver/Src/stm32f4xx_hal.o
 .debug_info    0x000000000000813f      0xe28 Drivers/STM32F4xx_HAL_Driver/Src/stm32f4xx_hal_cortex.o
 .debug_info    0x0000000000008f67      0x7b5 Drivers/STM32F4xx_HAL_Driver/Src/stm32f4xx_hal_gpio.o
 .debug_info    0x000000000000971c     0x23b5 Drivers/STM32F4xx_HAL_Driver/Src/stm32f4xx_hal_i2c.o
 .debug_info    0x000000000000bad1      0x904 Drivers/STM32F4xx_HAL_Driver/Src/stm32f4xx_hal_rcc.o
 .debug_info    0x000000000000c3d5     0x24a9 Drivers/STM32F4xx_HAL_Driver/Src/stm32f4xx_hal_tim.o
 .debug_info    0x000000000000e87e     0x1157 Drivers/STM32F4xx_HAL_Driver/Src/stm32f4xx_hal_tim_ex.o

.debug_abbrev   0x0000000000000000     0x205f
 .debug_abbrev  0x0000000000000000      0x22f Core/Src/ds18b20.o
 .debug_abbrev  0x000000000000022f      0x305 Core/Src/lcd1602.o
 .debug_abbrev  0x0000000000000534      0x2cd Core/Src/main.o
 .debug_abbrev  0x0000000000000801      0x2f5 Core/Src/rda5807m.o
 .debug_abbrev  0x0000000000000af6      0x1a6 Core/Src/stm32f4xx_hal_msp.o
 .debug_abbrev  0x0000000000000c9c      0x15a Core/Src/stm32f4xx_it.o
 .debug_abbrev  0x0000000000000df6      0x1bb Core/Src/sysmem.o
 .debug_abbrev  0x0000000000000fb1      0x12b Core/Src/system_stm32f4xx.o
 .debug_abbrev  0x00000000000010dc       0x12 Core/Startup/startup_stm32f407vgtx.o
 .debug_abbrev  0x00000000000010ee      0x1c7 Drivers/STM32F4xx_HAL_Driver/Src/stm32f4xx_hal.o
 .debug_abbrev  0x00000000000012b5      0x2fa Drivers/STM32F4xx_HAL_Driver/Src/stm32f4xx_hal_cortex.o
 .debug_abbrev  0x00000000000015af      0x1c9 Drivers/STM32F4xx_HAL_Driver/Src/stm32f4xx_hal_gpio.o
 .debug_abbrev  0x0000000000001778      0x254 Drivers/STM32F4xx_HAL_Driver/Src/stm32f4xx_hal_i2c.o
 .debug_abbrev  0x00000000000019cc      0x245 Drivers/STM32F4xx_HAL_Driver/Src/stm32f4xx_hal_rcc.o
 .debug_abbrev  0x0000000000001c11      0x230 Drivers/STM32F4xx_HAL_Driver/Src/stm32f4xx_hal_tim.o
 .debug_abbrev  0x0000000000001e41      0x21e Drivers/STM32F4xx_HAL_Driver/Src/stm32f4xx_hal_tim_ex.o

.debug_aranges  0x0000000000000000      0xdd8
 .debug_aranges
                0x0000000000000000       0x40 Core/Src/ds18b20.o
 .debug_aranges
                0x0000000000000040       0xe8 Core/Src/lcd1602.o
 .debug_aranges
                0x0000000000000128       0x78 Core/Src/main.o
 .debug_aranges
                0x00000000000001a0       0xa0 Core/Src/rda5807m.o
 .debug_aranges
                0x0000000000000240       0x40 Core/Src/stm32f4xx_hal_msp.o
 .debug_aranges
                0x0000000000000280       0x70 Core/Src/stm32f4xx_it.o
 .debug_aranges
                0x00000000000002f0       0x20 Core/Src/sysmem.o
 .debug_aranges
                0x0000000000000310       0x28 Core/Src/system_stm32f4xx.o
 .debug_aranges
                0x0000000000000338       0x28 Core/Startup/startup_stm32f407vgtx.o
 .debug_aranges
                0x0000000000000360       0xf0 Drivers/STM32F4xx_HAL_Driver/Src/stm32f4xx_hal.o
 .debug_aranges
                0x0000000000000450      0x118 Drivers/STM32F4xx_HAL_Driver/Src/stm32f4xx_hal_cortex.o
 .debug_aranges
                0x0000000000000568       0x58 Drivers/STM32F4xx_HAL_Driver/Src/stm32f4xx_hal_gpio.o
 .debug_aranges
                0x00000000000005c0      0x298 Drivers/STM32F4xx_HAL_Driver/Src/stm32f4xx_hal_i2c.o
 .debug_aranges
                0x0000000000000858       0x88 Drivers/STM32F4xx_HAL_Driver/Src/stm32f4xx_hal_rcc.o
 .debug_aranges
                0x00000000000008e0      0x3a8 Drivers/STM32F4xx_HAL_Driver/Src/stm32f4xx_hal_tim.o
 .debug_aranges
                0x0000000000000c88      0x150 Drivers/STM32F4xx_HAL_Driver/Src/stm32f4xx_hal_tim_ex.o

.debug_ranges   0x0000000000000000      0xd00
 .debug_ranges  0x0000000000000000       0x30 Core/Src/ds18b20.o
 .debug_ranges  0x0000000000000030       0xd8 Core/Src/lcd1602.o
 .debug_ranges  0x0000000000000108       0x68 Core/Src/main.o
 .debug_ranges  0x0000000000000170       0x90 Core/Src/rda5807m.o
 .debug_ranges  0x0000000000000200       0x30 Core/Src/stm32f4xx_hal_msp.o
 .debug_ranges  0x0000000000000230       0x60 Core/Src/stm32f4xx_it.o
 .debug_ranges  0x0000000000000290       0x10 Core/Src/sysmem.o
 .debug_ranges  0x00000000000002a0       0x18 Core/Src/system_stm32f4xx.o
 .debug_ranges  0x00000000000002b8       0x20 Core/Startup/startup_stm32f407vgtx.o
 .debug_ranges  0x00000000000002d8       0xe0 Drivers/STM32F4xx_HAL_Driver/Src/stm32f4xx_hal.o
 .debug_ranges  0x00000000000003b8      0x108 Drivers/STM32F4xx_HAL_Driver/Src/stm32f4xx_hal_cortex.o
 .debug_ranges  0x00000000000004c0       0x48 Drivers/STM32F4xx_HAL_Driver/Src/stm32f4xx_hal_gpio.o
 .debug_ranges  0x0000000000000508      0x2a8 Drivers/STM32F4xx_HAL_Driver/Src/stm32f4xx_hal_i2c.o
 .debug_ranges  0x00000000000007b0       0x78 Drivers/STM32F4xx_HAL_Driver/Src/stm32f4xx_hal_rcc.o
 .debug_ranges  0x0000000000000828      0x398 Drivers/STM32F4xx_HAL_Driver/Src/stm32f4xx_hal_tim.o
 .debug_ranges  0x0000000000000bc0      0x140 Drivers/STM32F4xx_HAL_Driver/Src/stm32f4xx_hal_tim_ex.o

.debug_macro    0x0000000000000000    0x21be1
 .debug_macro   0x0000000000000000      0x374 Core/Src/ds18b20.o
 .debug_macro   0x0000000000000374      0xa5a Core/Src/ds18b20.o
 .debug_macro   0x0000000000000dce       0x22 Core/Src/ds18b20.o
 .debug_macro   0x0000000000000df0      0x18a Core/Src/ds18b20.o
 .debug_macro   0x0000000000000f7a       0x32 Core/Src/ds18b20.o
 .debug_macro   0x0000000000000fac       0x2f Core/Src/ds18b20.o
 .debug_macro   0x0000000000000fdb       0x22 Core/Src/ds18b20.o
 .debug_macro   0x0000000000000ffd       0x8e Core/Src/ds18b20.o
 .debug_macro   0x000000000000108b       0x51 Core/Src/ds18b20.o
 .debug_macro   0x00000000000010dc       0xef Core/Src/ds18b20.o
 .debug_macro   0x00000000000011cb       0x6a Core/Src/ds18b20.o
 .debug_macro   0x0000000000001235      0x1df Core/Src/ds18b20.o
 .debug_macro   0x0000000000001414       0x1c Core/Src/ds18b20.o
 .debug_macro   0x0000000000001430       0x22 Core/Src/ds18b20.o
 .debug_macro   0x0000000000001452       0xdf Core/Src/ds18b20.o
 .debug_macro   0x0000000000001531     0x102d Core/Src/ds18b20.o
 .debug_macro   0x000000000000255e      0x11f Core/Src/ds18b20.o
 .debug_macro   0x000000000000267d    0x15e3c Core/Src/ds18b20.o
 .debug_macro   0x00000000000184b9       0x43 Core/Src/ds18b20.o
 .debug_macro   0x00000000000184fc     0x3652 Core/Src/ds18b20.o
 .debug_macro   0x000000000001bb4e      0x174 Core/Src/ds18b20.o
 .debug_macro   0x000000000001bcc2       0x5a Core/Src/ds18b20.o
 .debug_macro   0x000000000001bd1c      0x96b Core/Src/ds18b20.o
 .debug_macro   0x000000000001c687      0x9fe Core/Src/ds18b20.o
 .debug_macro   0x000000000001d085      0x174 Core/Src/ds18b20.o
 .debug_macro   0x000000000001d1f9      0x117 Core/Src/ds18b20.o
 .debug_macro   0x000000000001d310      0x13e Core/Src/ds18b20.o
 .debug_macro   0x000000000001d44e       0x27 Core/Src/ds18b20.o
 .debug_macro   0x000000000001d475      0x287 Core/Src/ds18b20.o
 .debug_macro   0x000000000001d6fc       0x5f Core/Src/ds18b20.o
 .debug_macro   0x000000000001d75b      0x236 Core/Src/ds18b20.o
 .debug_macro   0x000000000001d991      0x12c Core/Src/ds18b20.o
 .debug_macro   0x000000000001dabd      0x21e Core/Src/ds18b20.o
 .debug_macro   0x000000000001dcdb       0x2e Core/Src/ds18b20.o
 .debug_macro   0x000000000001dd09      0x1b5 Core/Src/ds18b20.o
 .debug_macro   0x000000000001debe       0xd6 Core/Src/ds18b20.o
 .debug_macro   0x000000000001df94      0x11a Core/Src/ds18b20.o
 .debug_macro   0x000000000001e0ae       0x7e Core/Src/ds18b20.o
 .debug_macro   0x000000000001e12c       0x89 Core/Src/ds18b20.o
 .debug_macro   0x000000000001e1b5      0x8a0 Core/Src/ds18b20.o
 .debug_macro   0x000000000001ea55       0x47 Core/Src/ds18b20.o
 .debug_macro   0x000000000001ea9c      0x12d Core/Src/ds18b20.o
 .debug_macro   0x000000000001ebc9       0x18 Core/Src/ds18b20.o
 .debug_macro   0x000000000001ebe1       0x46 Core/Src/ds18b20.o
 .debug_macro   0x000000000001ec27       0x3c Core/Src/ds18b20.o
 .debug_macro   0x000000000001ec63       0x34 Core/Src/ds18b20.o
 .debug_macro   0x000000000001ec97       0x16 Core/Src/ds18b20.o
 .debug_macro   0x000000000001ecad       0x35 Core/Src/ds18b20.o
 .debug_macro   0x000000000001ece2       0x52 Core/Src/ds18b20.o
 .debug_macro   0x000000000001ed34       0x1f Core/Src/ds18b20.o
 .debug_macro   0x000000000001ed53       0x43 Core/Src/ds18b20.o
 .debug_macro   0x000000000001ed96       0x20 Core/Src/ds18b20.o
 .debug_macro   0x000000000001edb6      0x1a3 Core/Src/ds18b20.o
 .debug_macro   0x000000000001ef59      0x32a Core/Src/ds18b20.o
 .debug_macro   0x000000000001f283       0x16 Core/Src/ds18b20.o
 .debug_macro   0x000000000001f299       0x29 Core/Src/ds18b20.o
 .debug_macro   0x000000000001f2c2       0x1c Core/Src/ds18b20.o
 .debug_macro   0x000000000001f2de       0x10 Core/Src/ds18b20.o
 .debug_macro   0x000000000001f2ee       0x10 Core/Src/ds18b20.o
 .debug_macro   0x000000000001f2fe       0x1c Core/Src/ds18b20.o
 .debug_macro   0x000000000001f31a       0x52 Core/Src/ds18b20.o
 .debug_macro   0x000000000001f36c       0x40 Core/Src/ds18b20.o
 .debug_macro   0x000000000001f3ac       0x10 Core/Src/ds18b20.o
 .debug_macro   0x000000000001f3bc       0x40 Core/Src/ds18b20.o
 .debug_macro   0x000000000001f3fc       0xd7 Core/Src/ds18b20.o
 .debug_macro   0x000000000001f4d3       0x1c Core/Src/ds18b20.o
 .debug_macro   0x000000000001f4ef       0x3d Core/Src/ds18b20.o
 .debug_macro   0x000000000001f52c       0x16 Core/Src/ds18b20.o
 .debug_macro   0x000000000001f542      0x145 Core/Src/ds18b20.o
 .debug_macro   0x000000000001f687       0x16 Core/Src/ds18b20.o
 .debug_macro   0x000000000001f69d      0x390 Core/Src/lcd1602.o
 .debug_macro   0x000000000001fa2d      0x1e1 Core/Src/lcd1602.o
 .debug_macro   0x000000000001fc0e       0x52 Core/Src/lcd1602.o
 .debug_macro   0x000000000001fc60       0x7c Core/Src/lcd1602.o
 .debug_macro   0x000000000001fcdc      0x3e8 Core/Src/main.o
 .debug_macro   0x00000000000200c4       0x4c Core/Src/main.o
 .debug_macro   0x0000000000020110       0x10 Core/Src/main.o
 .debug_macro   0x0000000000020120       0x20 Core/Src/main.o
 .debug_macro   0x0000000000020140       0x16 Core/Src/main.o
 .debug_macro   0x0000000000020156      0x2b7 Core/Src/rda5807m.o
 .debug_macro   0x000000000002040d      0x1ed Core/Src/stm32f4xx_hal_msp.o
 .debug_macro   0x00000000000205fa      0x1f7 Core/Src/stm32f4xx_it.o
 .debug_macro   0x00000000000207f1      0x1ae Core/Src/sysmem.o
 .debug_macro   0x000000000002099f      0x23b Core/Src/sysmem.o
 .debug_macro   0x0000000000020bda       0x16 Core/Src/sysmem.o
 .debug_macro   0x0000000000020bf0      0x1e4 Core/Src/system_stm32f4xx.o
 .debug_macro   0x0000000000020dd4      0x23e Drivers/STM32F4xx_HAL_Driver/Src/stm32f4xx_hal.o
 .debug_macro   0x0000000000021012      0x1de Drivers/STM32F4xx_HAL_Driver/Src/stm32f4xx_hal_cortex.o
 .debug_macro   0x00000000000211f0      0x214 Drivers/STM32F4xx_HAL_Driver/Src/stm32f4xx_hal_gpio.o
 .debug_macro   0x0000000000021404      0x21e Drivers/STM32F4xx_HAL_Driver/Src/stm32f4xx_hal_i2c.o
 .debug_macro   0x0000000000021622      0x202 Drivers/STM32F4xx_HAL_Driver/Src/stm32f4xx_hal_rcc.o
 .debug_macro   0x0000000000021824      0x1df Drivers/STM32F4xx_HAL_Driver/Src/stm32f4xx_hal_tim.o
 .debug_macro   0x0000000000021a03      0x1de Drivers/STM32F4xx_HAL_Driver/Src/stm32f4xx_hal_tim_ex.o

.debug_line     0x0000000000000000     0xafa5
 .debug_line    0x0000000000000000      0x9a8 Core/Src/ds18b20.o
 .debug_line    0x00000000000009a8      0xba3 Core/Src/lcd1602.o
 .debug_line    0x000000000000154b      0xb33 Core/Src/main.o
 .debug_line    0x000000000000207e      0xb10 Core/Src/rda5807m.o
 .debug_line    0x0000000000002b8e      0x770 Core/Src/stm32f4xx_hal_msp.o
 .debug_line    0x00000000000032fe      0x7d5 Core/Src/stm32f4xx_it.o
 .debug_line    0x0000000000003ad3      0x59a Core/Src/sysmem.o
 .debug_line    0x000000000000406d      0x725 Core/Src/system_stm32f4xx.o
 .debug_line    0x0000000000004792       0x86 Core/Startup/startup_stm32f407vgtx.o
 .debug_line    0x0000000000004818      0x90f Drivers/STM32F4xx_HAL_Driver/Src/stm32f4xx_hal.o
 .debug_line    0x0000000000005127      0xa33 Drivers/STM32F4xx_HAL_Driver/Src/stm32f4xx_hal_cortex.o
 .debug_line    0x0000000000005b5a      0x8ee Drivers/STM32F4xx_HAL_Driver/Src/stm32f4xx_hal_gpio.o
 .debug_line    0x0000000000006448     0x1b49 Drivers/STM32F4xx_HAL_Driver/Src/stm32f4xx_hal_i2c.o
 .debug_line    0x0000000000007f91      0x967 Drivers/STM32F4xx_HAL_Driver/Src/stm32f4xx_hal_rcc.o
 .debug_line    0x00000000000088f8     0x1988 Drivers/STM32F4xx_HAL_Driver/Src/stm32f4xx_hal_tim.o
 .debug_line    0x000000000000a280      0xd25 Drivers/STM32F4xx_HAL_Driver/Src/stm32f4xx_hal_tim_ex.o

.debug_str      0x0000000000000000    0xcab85
 .debug_str     0x0000000000000000    0xc5953 Core/Src/ds18b20.o
                                      0xc5c83 (size before relaxing)
 .debug_str     0x00000000000c5953      0xdb7 Core/Src/lcd1602.o
                                      0xc69c0 (size before relaxing)
 .debug_str     0x00000000000c670a     0x1081 Core/Src/main.o
                                      0xc78af (size before relaxing)
 .debug_str     0x00000000000c778b      0x3e2 Core/Src/rda5807m.o
                                      0xc5338 (size before relaxing)
 .debug_str     0x00000000000c7b6d       0x89 Core/Src/stm32f4xx_hal_msp.o
                                      0xc27d7 (size before relaxing)
 .debug_str     0x00000000000c7bf6       0xe2 Core/Src/stm32f4xx_it.o
                                      0xc1f4a (size before relaxing)
 .debug_str     0x00000000000c7cd8      0x4d1 Core/Src/sysmem.o
                                       0x7afe (size before relaxing)
 .debug_str     0x00000000000c81a9       0x70 Core/Src/system_stm32f4xx.o
                                      0xc1b07 (size before relaxing)
 .debug_str     0x00000000000c8219       0x36 Core/Startup/startup_stm32f407vgtx.o
                                         0x80 (size before relaxing)
 .debug_str     0x00000000000c824f      0x57b Drivers/STM32F4xx_HAL_Driver/Src/stm32f4xx_hal.o
                                      0xc25d4 (size before relaxing)
 .debug_str     0x00000000000c87ca      0x393 Drivers/STM32F4xx_HAL_Driver/Src/stm32f4xx_hal_cortex.o
                                      0xc23c3 (size before relaxing)
 .debug_str     0x00000000000c8b5d      0x1d3 Drivers/STM32F4xx_HAL_Driver/Src/stm32f4xx_hal_gpio.o
                                      0xc1d46 (size before relaxing)
 .debug_str     0x00000000000c8d30      0xa81 Drivers/STM32F4xx_HAL_Driver/Src/stm32f4xx_hal_i2c.o
                                      0xc2a50 (size before relaxing)
 .debug_str     0x00000000000c97b1      0x24e Drivers/STM32F4xx_HAL_Driver/Src/stm32f4xx_hal_rcc.o
                                      0xc1ef4 (size before relaxing)
 .debug_str     0x00000000000c99ff      0xce4 Drivers/STM32F4xx_HAL_Driver/Src/stm32f4xx_hal_tim.o
                                      0xc2c13 (size before relaxing)
 .debug_str     0x00000000000ca6e3      0x4a2 Drivers/STM32F4xx_HAL_Driver/Src/stm32f4xx_hal_tim_ex.o
                                      0xc2413 (size before relaxing)

.comment        0x0000000000000000       0x7b
 .comment       0x0000000000000000       0x7b Core/Src/ds18b20.o
                                         0x7c (size before relaxing)
 .comment       0x000000000000007b       0x7c Core/Src/lcd1602.o
 .comment       0x000000000000007b       0x7c Core/Src/main.o
 .comment       0x000000000000007b       0x7c Core/Src/rda5807m.o
 .comment       0x000000000000007b       0x7c Core/Src/stm32f4xx_hal_msp.o
 .comment       0x000000000000007b       0x7c Core/Src/stm32f4xx_it.o
 .comment       0x000000000000007b       0x7c Core/Src/sysmem.o
 .comment       0x000000000000007b       0x7c Core/Src/system_stm32f4xx.o
 .comment       0x000000000000007b       0x7c Drivers/STM32F4xx_HAL_Driver/Src/stm32f4xx_hal.o
 .comment       0x000000000000007b       0x7c Drivers/STM32F4xx_HAL_Driver/Src/stm32f4xx_hal_cortex.o
 .comment       0x000000000000007b       0x7c Drivers/STM32F4xx_HAL_Driver/Src/stm32f4xx_hal_gpio.o
 .comment       0x000000000000007b       0x7c Drivers/STM32F4xx_HAL_Driver/Src/stm32f4xx_hal_i2c.o
 .comment       0x000000000000007b       0x7c Drivers/STM32F4xx_HAL_Driver/Src/stm32f4xx_hal_rcc.o
 .comment       0x000000000000007b       0x7c Drivers/STM32F4xx_HAL_Driver/Src/stm32f4xx_hal_tim.o
 .comment       0x000000000000007b       0x7c Drivers/STM32F4xx_HAL_Driver/Src/stm32f4xx_hal_tim_ex.o

.debug_frame    0x0000000000000000     0x3e50
 .debug_frame   0x0000000000000000       0xc4 Core/Src/ds18b20.o
 .debug_frame   0x00000000000000c4      0x35c Core/Src/lcd1602.o
 .debug_frame   0x0000000000000420      0x1bc Core/Src/main.o
 .debug_frame   0x00000000000005dc      0x26c Core/Src/rda5807m.o
 .debug_frame   0x0000000000000848       0xc8 Core/Src/stm32f4xx_hal_msp.o
 .debug_frame   0x0000000000000910      0x144 Core/Src/stm32f4xx_it.o
 .debug_frame   0x0000000000000a54       0x34 Core/Src/sysmem.o
 .debug_frame   0x0000000000000a88       0x58 Core/Src/system_stm32f4xx.o
 .debug_frame   0x0000000000000ae0      0x374 Drivers/STM32F4xx_HAL_Driver/Src/stm32f4xx_hal.o
 .debug_frame   0x0000000000000e54      0x498 Drivers/STM32F4xx_HAL_Driver/Src/stm32f4xx_hal_cortex.o
 .debug_frame   0x00000000000012ec      0x14c Drivers/STM32F4xx_HAL_Driver/Src/stm32f4xx_hal_gpio.o
 .debug_frame   0x0000000000001438      0xc38 Drivers/STM32F4xx_HAL_Driver/Src/stm32f4xx_hal_i2c.o
 .debug_frame   0x0000000000002070      0x1f0 Drivers/STM32F4xx_HAL_Driver/Src/stm32f4xx_hal_rcc.o
 .debug_frame   0x0000000000002260     0x10f0 Drivers/STM32F4xx_HAL_Driver/Src/stm32f4xx_hal_tim.o
 .debug_frame   0x0000000000003350      0x5c0 Drivers/STM32F4xx_HAL_Driver/Src/stm32f4xx_hal_tim_ex.o
 .debug_frame   0x0000000000003910       0x20 /Applications/STM32CubeIDE.app/Contents/Eclipse/plugins/com.st.stm32cube.ide.mcu.externaltools.gnu-tools-for-stm32.7-2018-q2-update.macos64_1.0.0.201904181610/tools/bin/../lib/gcc/arm-none-eabi/7.3.1/../../../../arm-none-eabi/lib/thumb/v7e-m/fpv4-sp/hard/libc_nano.a(lib_a-errno.o)
 .debug_frame   0x0000000000003930       0x2c /Applications/STM32CubeIDE.app/Contents/Eclipse/plugins/com.st.stm32cube.ide.mcu.externaltools.gnu-tools-for-stm32.7-2018-q2-update.macos64_1.0.0.201904181610/tools/bin/../lib/gcc/arm-none-eabi/7.3.1/../../../../arm-none-eabi/lib/thumb/v7e-m/fpv4-sp/hard/libc_nano.a(lib_a-init.o)
 .debug_frame   0x000000000000395c       0x30 /Applications/STM32CubeIDE.app/Contents/Eclipse/plugins/com.st.stm32cube.ide.mcu.externaltools.gnu-tools-for-stm32.7-2018-q2-update.macos64_1.0.0.201904181610/tools/bin/../lib/gcc/arm-none-eabi/7.3.1/../../../../arm-none-eabi/lib/thumb/v7e-m/fpv4-sp/hard/libc_nano.a(lib_a-malloc.o)
 .debug_frame   0x000000000000398c       0x20 /Applications/STM32CubeIDE.app/Contents/Eclipse/plugins/com.st.stm32cube.ide.mcu.externaltools.gnu-tools-for-stm32.7-2018-q2-update.macos64_1.0.0.201904181610/tools/bin/../lib/gcc/arm-none-eabi/7.3.1/../../../../arm-none-eabi/lib/thumb/v7e-m/fpv4-sp/hard/libc_nano.a(lib_a-memset.o)
 .debug_frame   0x00000000000039ac       0x38 /Applications/STM32CubeIDE.app/Contents/Eclipse/plugins/com.st.stm32cube.ide.mcu.externaltools.gnu-tools-for-stm32.7-2018-q2-update.macos64_1.0.0.201904181610/tools/bin/../lib/gcc/arm-none-eabi/7.3.1/../../../../arm-none-eabi/lib/thumb/v7e-m/fpv4-sp/hard/libc_nano.a(lib_a-nano-freer.o)
 .debug_frame   0x00000000000039e4       0x2c /Applications/STM32CubeIDE.app/Contents/Eclipse/plugins/com.st.stm32cube.ide.mcu.externaltools.gnu-tools-for-stm32.7-2018-q2-update.macos64_1.0.0.201904181610/tools/bin/../lib/gcc/arm-none-eabi/7.3.1/../../../../arm-none-eabi/lib/thumb/v7e-m/fpv4-sp/hard/libc_nano.a(lib_a-nano-mallocr.o)
 .debug_frame   0x0000000000003a10       0x2c /Applications/STM32CubeIDE.app/Contents/Eclipse/plugins/com.st.stm32cube.ide.mcu.externaltools.gnu-tools-for-stm32.7-2018-q2-update.macos64_1.0.0.201904181610/tools/bin/../lib/gcc/arm-none-eabi/7.3.1/../../../../arm-none-eabi/lib/thumb/v7e-m/fpv4-sp/hard/libc_nano.a(lib_a-sbrkr.o)
 .debug_frame   0x0000000000003a3c       0x6c /Applications/STM32CubeIDE.app/Contents/Eclipse/plugins/com.st.stm32cube.ide.mcu.externaltools.gnu-tools-for-stm32.7-2018-q2-update.macos64_1.0.0.201904181610/tools/bin/../lib/gcc/arm-none-eabi/7.3.1/../../../../arm-none-eabi/lib/thumb/v7e-m/fpv4-sp/hard/libc_nano.a(lib_a-sprintf.o)
 .debug_frame   0x0000000000003aa8       0x20 /Applications/STM32CubeIDE.app/Contents/Eclipse/plugins/com.st.stm32cube.ide.mcu.externaltools.gnu-tools-for-stm32.7-2018-q2-update.macos64_1.0.0.201904181610/tools/bin/../lib/gcc/arm-none-eabi/7.3.1/../../../../arm-none-eabi/lib/thumb/v7e-m/fpv4-sp/hard/libc_nano.a(lib_a-strcpy.o)
 .debug_frame   0x0000000000003ac8       0x30 /Applications/STM32CubeIDE.app/Contents/Eclipse/plugins/com.st.stm32cube.ide.mcu.externaltools.gnu-tools-for-stm32.7-2018-q2-update.macos64_1.0.0.201904181610/tools/bin/../lib/gcc/arm-none-eabi/7.3.1/../../../../arm-none-eabi/lib/thumb/v7e-m/fpv4-sp/hard/libc_nano.a(lib_a-mlock.o)
 .debug_frame   0x0000000000003af8       0x90 /Applications/STM32CubeIDE.app/Contents/Eclipse/plugins/com.st.stm32cube.ide.mcu.externaltools.gnu-tools-for-stm32.7-2018-q2-update.macos64_1.0.0.201904181610/tools/bin/../lib/gcc/arm-none-eabi/7.3.1/../../../../arm-none-eabi/lib/thumb/v7e-m/fpv4-sp/hard/libc_nano.a(lib_a-nano-svfprintf.o)
 .debug_frame   0x0000000000003b88       0x60 /Applications/STM32CubeIDE.app/Contents/Eclipse/plugins/com.st.stm32cube.ide.mcu.externaltools.gnu-tools-for-stm32.7-2018-q2-update.macos64_1.0.0.201904181610/tools/bin/../lib/gcc/arm-none-eabi/7.3.1/../../../../arm-none-eabi/lib/thumb/v7e-m/fpv4-sp/hard/libc_nano.a(lib_a-nano-vfprintf_i.o)
 .debug_frame   0x0000000000003be8       0x5c /Applications/STM32CubeIDE.app/Contents/Eclipse/plugins/com.st.stm32cube.ide.mcu.externaltools.gnu-tools-for-stm32.7-2018-q2-update.macos64_1.0.0.201904181610/tools/bin/../lib/gcc/arm-none-eabi/7.3.1/../../../../arm-none-eabi/lib/thumb/v7e-m/fpv4-sp/hard/libc_nano.a(lib_a-reent.o)
 .debug_frame   0x0000000000003c44       0x28 /Applications/STM32CubeIDE.app/Contents/Eclipse/plugins/com.st.stm32cube.ide.mcu.externaltools.gnu-tools-for-stm32.7-2018-q2-update.macos64_1.0.0.201904181610/tools/bin/../lib/gcc/arm-none-eabi/7.3.1/../../../../arm-none-eabi/lib/thumb/v7e-m/fpv4-sp/hard/libc_nano.a(lib_a-memcpy-stub.o)
 .debug_frame   0x0000000000003c6c       0x28 /Applications/STM32CubeIDE.app/Contents/Eclipse/plugins/com.st.stm32cube.ide.mcu.externaltools.gnu-tools-for-stm32.7-2018-q2-update.macos64_1.0.0.201904181610/tools/bin/../lib/gcc/arm-none-eabi/7.3.1/../../../../arm-none-eabi/lib/thumb/v7e-m/fpv4-sp/hard/libc_nano.a(lib_a-memmove.o)
 .debug_frame   0x0000000000003c94       0x3c /Applications/STM32CubeIDE.app/Contents/Eclipse/plugins/com.st.stm32cube.ide.mcu.externaltools.gnu-tools-for-stm32.7-2018-q2-update.macos64_1.0.0.201904181610/tools/bin/../lib/gcc/arm-none-eabi/7.3.1/../../../../arm-none-eabi/lib/thumb/v7e-m/fpv4-sp/hard/libc_nano.a(lib_a-nano-reallocr.o)
 .debug_frame   0x0000000000003cd0       0x20 /Applications/STM32CubeIDE.app/Contents/Eclipse/plugins/com.st.stm32cube.ide.mcu.externaltools.gnu-tools-for-stm32.7-2018-q2-update.macos64_1.0.0.201904181610/tools/bin/../lib/gcc/arm-none-eabi/7.3.1/../../../../arm-none-eabi/lib/thumb/v7e-m/fpv4-sp/hard/libc_nano.a(lib_a-nano-msizer.o)
 .debug_frame   0x0000000000003cf0       0x30 /Applications/STM32CubeIDE.app/Contents/Eclipse/plugins/com.st.stm32cube.ide.mcu.externaltools.gnu-tools-for-stm32.7-2018-q2-update.macos64_1.0.0.201904181610/tools/bin/../lib/gcc/arm-none-eabi/7.3.1/../../../../arm-none-eabi/lib/thumb/v7e-m/fpv4-sp/hard/libm.a(lib_a-s_trunc.o)
 .debug_frame   0x0000000000003d20       0xac /Applications/STM32CubeIDE.app/Contents/Eclipse/plugins/com.st.stm32cube.ide.mcu.externaltools.gnu-tools-for-stm32.7-2018-q2-update.macos64_1.0.0.201904181610/tools/bin/../lib/gcc/arm-none-eabi/7.3.1/thumb/v7e-m/fpv4-sp/hard/libgcc.a(_arm_addsubdf3.o)
 .debug_frame   0x0000000000003dcc       0x24 /Applications/STM32CubeIDE.app/Contents/Eclipse/plugins/com.st.stm32cube.ide.mcu.externaltools.gnu-tools-for-stm32.7-2018-q2-update.macos64_1.0.0.201904181610/tools/bin/../lib/gcc/arm-none-eabi/7.3.1/thumb/v7e-m/fpv4-sp/hard/libgcc.a(_arm_fixdfsi.o)
 .debug_frame   0x0000000000003df0       0x2c /Applications/STM32CubeIDE.app/Contents/Eclipse/plugins/com.st.stm32cube.ide.mcu.externaltools.gnu-tools-for-stm32.7-2018-q2-update.macos64_1.0.0.201904181610/tools/bin/../lib/gcc/arm-none-eabi/7.3.1/thumb/v7e-m/fpv4-sp/hard/libgcc.a(_aeabi_uldivmod.o)