core_cm4.h:1939:34:__NVIC_SystemReset	4	static,ignoring_inline_asm
rda5807m.c:7:6:RDA5807M_revertBytes	24	static
rda5807m.c:18:6:RDA5807M_write	48	static
rda5807m.c:31:6:RDA5807M_writeRegister	40	static
rda5807m.c:42:6:RDA5807M_read	48	static
rda5807m.c:54:6:RDA5807M_init	40	static
rda5807m.c:98:6:RDA5807M_softReset	24	static
rda5807m.c:109:6:RDA5807M_resetSettings	32	static
rda5807m.c:169:6:RDA5807M_seek	24	static
rda5807m.c:188:9:RDA5807M_get_SeekReadyFlag	24	static
rda5807m.c:196:6:RDA5807M_setVolume	24	static
rda5807m.c:220:6:RDA5807M_setFreq	24	static
rda5807m.c:234:10:RDA5807M_getFreq	24	static
rda5807m.c:249:6:RDA5807M_readRDS	24	static
rda5807m.c:261:6:RDA5807M_readRDSmkII	32	static
rda5807m.c:301:6:RDA5807M_processRDSmkII	24	static
rda5807m.c:337:7:RDA5807M_getStationName	16	static
rda5807m.c:352:6:RDA5807M_resetRDS	8	static
rda5807m.c:361:6:RDA5807M_resetRDS_settings	24	static
rda5807m.c:384:6:RDA5807M_processRDSmkIII	88	static
rda5807m.c:542:6:RDA5807M_processRDSmkIV	24	static
rda5807m.c:603:6:RDA5807M_processRDSmkV	24	static
